   1              		.cpu cortex-m3
   2              		.arch armv7-m
   3              		.fpu softvfp
   4              		.eabi_attribute 20, 1
   5              		.eabi_attribute 21, 1
   6              		.eabi_attribute 23, 3
   7              		.eabi_attribute 24, 1
   8              		.eabi_attribute 25, 1
   9              		.eabi_attribute 26, 1
  10              		.eabi_attribute 30, 1
  11              		.eabi_attribute 34, 1
  12              		.eabi_attribute 18, 4
  13              		.file	"assert.c"
  14              		.text
  15              	.Ltext0:
  16              		.cfi_sections	.debug_frame
  17              		.file 1 "../system/src/newlib/assert.c"
  18              		.section	.rodata.__assert_func.str1.4,"aMS",%progbits,1
  19              		.align	2
  20              	.LC0:
  21 0000 2C206675 		.ascii	", function: \000"
  21      6E637469 
  21      6F6E3A20 
  21      00
  22 000d 000000   		.align	2
  23              	.LC1:
  24 0010 00       		.ascii	"\000"
  25 0011 000000   		.align	2
  26              	.LC2:
  27 0014 61737365 		.ascii	"assertion \"%s\" failed: file \"%s\", line %d%s%s\012"
  27      7274696F 
  27      6E202225 
  27      73222066 
  27      61696C65 
  28 0042 00       		.ascii	"\000"
  29              		.section	.text.__assert_func,"ax",%progbits
  30              		.align	1
  31              		.global	__assert_func
  32              		.syntax unified
  33              		.thumb
  34              		.thumb_func
  36              	__assert_func:
  37              	.LVL0:
  38              	.LFB0:
   1:../system/src/newlib/assert.c **** /*
   2:../system/src/newlib/assert.c ****  * This file is part of the µOS++ distribution.
   3:../system/src/newlib/assert.c ****  *   (https://github.com/micro-os-plus)
   4:../system/src/newlib/assert.c ****  * Copyright (c) 2014 Liviu Ionescu.
   5:../system/src/newlib/assert.c ****  *
   6:../system/src/newlib/assert.c ****  * Permission is hereby granted, free of charge, to any person
   7:../system/src/newlib/assert.c ****  * obtaining a copy of this software and associated documentation
   8:../system/src/newlib/assert.c ****  * files (the "Software"), to deal in the Software without
   9:../system/src/newlib/assert.c ****  * restriction, including without limitation the rights to use,
  10:../system/src/newlib/assert.c ****  * copy, modify, merge, publish, distribute, sublicense, and/or
  11:../system/src/newlib/assert.c ****  * sell copies of the Software, and to permit persons to whom
  12:../system/src/newlib/assert.c ****  * the Software is furnished to do so, subject to the following
  13:../system/src/newlib/assert.c ****  * conditions:
  14:../system/src/newlib/assert.c ****  *
  15:../system/src/newlib/assert.c ****  * The above copyright notice and this permission notice shall be
  16:../system/src/newlib/assert.c ****  * included in all copies or substantial portions of the Software.
  17:../system/src/newlib/assert.c ****  *
  18:../system/src/newlib/assert.c ****  * THE SOFTWARE IS PROVIDED "AS IS", WITHOUT WARRANTY OF ANY KIND,
  19:../system/src/newlib/assert.c ****  * EXPRESS OR IMPLIED, INCLUDING BUT NOT LIMITED TO THE WARRANTIES
  20:../system/src/newlib/assert.c ****  * OF MERCHANTABILITY, FITNESS FOR A PARTICULAR PURPOSE AND
  21:../system/src/newlib/assert.c ****  * NONINFRINGEMENT. IN NO EVENT SHALL THE AUTHORS OR COPYRIGHT
  22:../system/src/newlib/assert.c ****  * HOLDERS BE LIABLE FOR ANY CLAIM, DAMAGES OR OTHER LIABILITY,
  23:../system/src/newlib/assert.c ****  * WHETHER IN AN ACTION OF CONTRACT, TORT OR OTHERWISE, ARISING
  24:../system/src/newlib/assert.c ****  * FROM, OUT OF OR IN CONNECTION WITH THE SOFTWARE OR THE USE OR
  25:../system/src/newlib/assert.c ****  * OTHER DEALINGS IN THE SOFTWARE.
  26:../system/src/newlib/assert.c ****  */
  27:../system/src/newlib/assert.c **** 
  28:../system/src/newlib/assert.c **** #include <assert.h>
  29:../system/src/newlib/assert.c **** #include <stdlib.h>
  30:../system/src/newlib/assert.c **** #include <stdint.h>
  31:../system/src/newlib/assert.c **** 
  32:../system/src/newlib/assert.c **** #include "diag/trace.h"
  33:../system/src/newlib/assert.c **** 
  34:../system/src/newlib/assert.c **** // ----------------------------------------------------------------------------
  35:../system/src/newlib/assert.c **** 
  36:../system/src/newlib/assert.c **** void
  37:../system/src/newlib/assert.c **** __attribute__((noreturn))
  38:../system/src/newlib/assert.c **** __assert_func (const char *file, int line, const char *func,
  39:../system/src/newlib/assert.c ****                const char *failedexpr)
  40:../system/src/newlib/assert.c **** {
  39              		.loc 1 40 1 view -0
  40              		.cfi_startproc
  41              		@ Volatile: function does not return.
  42              		@ args = 0, pretend = 0, frame = 0
  43              		@ frame_needed = 0, uses_anonymous_args = 0
  44              		.loc 1 40 1 is_stmt 0 view .LVU1
  45 0000 00B5     		push	{lr}
  46              		.cfi_def_cfa_offset 4
  47              		.cfi_offset 14, -4
  48 0002 83B0     		sub	sp, sp, #12
  49              		.cfi_def_cfa_offset 16
  50 0004 8C46     		mov	ip, r1
  51 0006 1946     		mov	r1, r3
  52              	.LVL1:
  41:../system/src/newlib/assert.c ****   trace_printf ("assertion \"%s\" failed: file \"%s\", line %d%s%s\n",
  53              		.loc 1 41 3 is_stmt 1 view .LVU2
  54 0008 52B1     		cbz	r2, .L3
  55 000a 1446     		mov	r4, r2
  56 000c 064B     		ldr	r3, .L5
  57              	.LVL2:
  58              	.L2:
  59              		.loc 1 41 3 is_stmt 0 discriminator 8 view .LVU3
  60 000e 0194     		str	r4, [sp, #4]
  61 0010 0093     		str	r3, [sp]
  62 0012 6346     		mov	r3, ip
  63 0014 0246     		mov	r2, r0
  64              	.LVL3:
  65              		.loc 1 41 3 discriminator 8 view .LVU4
  66 0016 0548     		ldr	r0, .L5+4
  67              	.LVL4:
  68              		.loc 1 41 3 discriminator 8 view .LVU5
  69 0018 FFF7FEFF 		bl	trace_printf
  70              	.LVL5:
  42:../system/src/newlib/assert.c ****                 failedexpr, file, line, func ? ", function: " : "",
  43:../system/src/newlib/assert.c ****                 func ? func : "");
  44:../system/src/newlib/assert.c ****   abort ();
  71              		.loc 1 44 3 is_stmt 1 discriminator 8 view .LVU6
  72 001c FFF7FEFF 		bl	abort
  73              	.LVL6:
  74              	.L3:
  41:../system/src/newlib/assert.c ****   trace_printf ("assertion \"%s\" failed: file \"%s\", line %d%s%s\n",
  75              		.loc 1 41 3 is_stmt 0 view .LVU7
  76 0020 034B     		ldr	r3, .L5+8
  77 0022 1C46     		mov	r4, r3
  78 0024 F3E7     		b	.L2
  79              	.L6:
  80 0026 00BF     		.align	2
  81              	.L5:
  82 0028 00000000 		.word	.LC0
  83 002c 14000000 		.word	.LC2
  84 0030 10000000 		.word	.LC1
  85              		.cfi_endproc
  86              	.LFE0:
  88              		.text
  89              	.Letext0:
  90              		.file 2 "c:\\users\\dmitriy\\appdata\\roaming\\xpacks\\@xpack-dev-tools\\arm-none-eabi-gcc\\12.3.1
  91              		.file 3 "../system/inc/diag/trace.h"
  92              		.file 4 "c:\\users\\dmitriy\\appdata\\roaming\\xpacks\\@xpack-dev-tools\\arm-none-eabi-gcc\\12.3.1
DEFINED SYMBOLS
                            *ABS*:00000000 assert.c
C:\Users\Dmitriy\AppData\Local\Temp\ccCM15Ga.s:19     .rodata.__assert_func.str1.4:00000000 $d
C:\Users\Dmitriy\AppData\Local\Temp\ccCM15Ga.s:30     .text.__assert_func:00000000 $t
C:\Users\Dmitriy\AppData\Local\Temp\ccCM15Ga.s:36     .text.__assert_func:00000000 __assert_func
C:\Users\Dmitriy\AppData\Local\Temp\ccCM15Ga.s:82     .text.__assert_func:00000028 $d
                           .group:00000000 wm4.0.3ac34e011645c1b8d95761511e5c0518
                           .group:00000000 wm4._newlib_version.h.4.6d111ab2e95434b664b53815e5c8ccba
                           .group:00000000 wm4.newlib.h.27.d4bf77c18f14f545101dac22f0b54118
                           .group:00000000 wm4.ieeefp.h.77.0ee3146e9d892bb10bc0066c30189af1
                           .group:00000000 wm4.features.h.22.7877b139107948f7dadcf3660cc79cfd
                           .group:00000000 wm4.config.h.224.10ee1ad185d877c6e334e6581faab44d
                           .group:00000000 wm4._ansi.h.31.de524f58584151836e90d8620a16f8e8
                           .group:00000000 wm4.assert.h.11.db24e541f16414db224bf986d21017e2
                           .group:00000000 wm4.stdlib.h.13.4ed386f5c1a80d71e72172885d946ef2
                           .group:00000000 wm4.stddef.h.185.882514a1a6169ceba9142f401cbe27c6
                           .group:00000000 wm4.stddef.h.39.f07083f9b666a9e5c52a336c758fdd72
                           .group:00000000 wm4._types.h.20.dd0d04dca3800a0d2a6129b87f3adbb2
                           .group:00000000 wm4.stddef.h.158.5f30652bb2ea05b142c1bbee9108c999
                           .group:00000000 wm4._default_types.h.6.959254cf5f09734ea7516c89e8bb21bd
                           .group:00000000 wm4._types.h.127.3bdfe3ff8ea2d0985b03d9cbe93480e3
                           .group:00000000 wm4.reent.h.17.e292bf8b0bec6c96e131a54347145a30
                           .group:00000000 wm4.lock.h.2.1461d1fff82dffe8bfddc23307f6484f
                           .group:00000000 wm4.reent.h.77.89f7dde66c62b1f1dee32bdb6ab2d544
                           .group:00000000 wm4.cdefs.h.49.f93868eb904b9ca05b5c0257d31128ca
                           .group:00000000 wm4.alloca.h.8.dfc0c703c47ec3e69746825b17d9e66d
                           .group:00000000 wm4.stdlib.h.56.f4862cfbf4363a1db01842d5bdf72c18
                           .group:00000000 wm4.stdintgcc.h.29.6d480f4ba0f60596e88234283d42444f
                           .group:00000000 wm4.unistd.h.2.39165d5b7784d1815ef4b0c4be6df560
                           .group:00000000 wm4.types.h.40.8b6acba56cefbb11746718204edc8f5e
                           .group:00000000 wm4._stdint.h.10.c24fa3af3bc1706662bb5593a907e841
                           .group:00000000 wm4._endian.h.31.65a10590763c3dde1ac4a7f66d7d4891
                           .group:00000000 wm4.endian.h.9.49f3a4695c1b61e8a0808de3c4a106cb
                           .group:00000000 wm4._timeval.h.32.bec3221fa7a9bb0bdde696c9c57e47d2
                           .group:00000000 wm4.timespec.h.41.d855182eb0e690443ab8651bcedca6e1
                           .group:00000000 wm4.select.h.19.8f92964f85316d866d3bb193a38b5ac3
                           .group:00000000 wm4.types.h.51.e2a6e4379b4797ffcc4841f8498fd61b
                           .group:00000000 wm4.sched.h.22.c60982713a5c428609783c78f9c78d95
                           .group:00000000 wm4._pthreadtypes.h.36.fcee9961c35163dde6267ef772ad1972
                           .group:00000000 wm4.stddef.h.158.bfed30416c9480cd13bc4a25427d538f
                           .group:00000000 wm4.unistd.h.160.695186b56110851f30a6820c3f9a9999

UNDEFINED SYMBOLS
trace_printf
abort
