   1              		.cpu cortex-m3
   2              		.arch armv7-m
   3              		.fpu softvfp
   4              		.eabi_attribute 20, 1
   5              		.eabi_attribute 21, 1
   6              		.eabi_attribute 23, 3
   7              		.eabi_attribute 24, 1
   8              		.eabi_attribute 25, 1
   9              		.eabi_attribute 26, 1
  10              		.eabi_attribute 30, 1
  11              		.eabi_attribute 34, 1
  12              		.eabi_attribute 18, 4
  13              		.file	"exit.c"
  14              		.text
  15              	.Ltext0:
  16              		.cfi_sections	.debug_frame
  17              		.file 1 "../system/src/newlib/exit.c"
  18              		.section	.text._exit,"ax",%progbits
  19              		.align	1
  20              		.weak	_exit
  21              		.syntax unified
  22              		.thumb
  23              		.thumb_func
  25              	_exit:
  26              	.LFB0:
   1:../system/src/newlib/exit.c **** /*
   2:../system/src/newlib/exit.c ****  * This file is part of the µOS++ distribution.
   3:../system/src/newlib/exit.c ****  *   (https://github.com/micro-os-plus)
   4:../system/src/newlib/exit.c ****  * Copyright (c) 2014 Liviu Ionescu.
   5:../system/src/newlib/exit.c ****  *
   6:../system/src/newlib/exit.c ****  * Permission is hereby granted, free of charge, to any person
   7:../system/src/newlib/exit.c ****  * obtaining a copy of this software and associated documentation
   8:../system/src/newlib/exit.c ****  * files (the "Software"), to deal in the Software without
   9:../system/src/newlib/exit.c ****  * restriction, including without limitation the rights to use,
  10:../system/src/newlib/exit.c ****  * copy, modify, merge, publish, distribute, sublicense, and/or
  11:../system/src/newlib/exit.c ****  * sell copies of the Software, and to permit persons to whom
  12:../system/src/newlib/exit.c ****  * the Software is furnished to do so, subject to the following
  13:../system/src/newlib/exit.c ****  * conditions:
  14:../system/src/newlib/exit.c ****  *
  15:../system/src/newlib/exit.c ****  * The above copyright notice and this permission notice shall be
  16:../system/src/newlib/exit.c ****  * included in all copies or substantial portions of the Software.
  17:../system/src/newlib/exit.c ****  *
  18:../system/src/newlib/exit.c ****  * THE SOFTWARE IS PROVIDED "AS IS", WITHOUT WARRANTY OF ANY KIND,
  19:../system/src/newlib/exit.c ****  * EXPRESS OR IMPLIED, INCLUDING BUT NOT LIMITED TO THE WARRANTIES
  20:../system/src/newlib/exit.c ****  * OF MERCHANTABILITY, FITNESS FOR A PARTICULAR PURPOSE AND
  21:../system/src/newlib/exit.c ****  * NONINFRINGEMENT. IN NO EVENT SHALL THE AUTHORS OR COPYRIGHT
  22:../system/src/newlib/exit.c ****  * HOLDERS BE LIABLE FOR ANY CLAIM, DAMAGES OR OTHER LIABILITY,
  23:../system/src/newlib/exit.c ****  * WHETHER IN AN ACTION OF CONTRACT, TORT OR OTHERWISE, ARISING
  24:../system/src/newlib/exit.c ****  * FROM, OUT OF OR IN CONNECTION WITH THE SOFTWARE OR THE USE OR
  25:../system/src/newlib/exit.c ****  * OTHER DEALINGS IN THE SOFTWARE.
  26:../system/src/newlib/exit.c ****  */
  27:../system/src/newlib/exit.c **** 
  28:../system/src/newlib/exit.c **** // ----------------------------------------------------------------------------
  29:../system/src/newlib/exit.c **** 
  30:../system/src/newlib/exit.c **** #include <stdlib.h>
  31:../system/src/newlib/exit.c **** #include "diag/trace.h"
  32:../system/src/newlib/exit.c **** 
  33:../system/src/newlib/exit.c **** // ----------------------------------------------------------------------------
  34:../system/src/newlib/exit.c **** 
  35:../system/src/newlib/exit.c **** #if !defined(DEBUG)
  36:../system/src/newlib/exit.c **** extern void
  37:../system/src/newlib/exit.c **** __attribute__((noreturn))
  38:../system/src/newlib/exit.c **** __reset_hardware(void);
  39:../system/src/newlib/exit.c **** #endif
  40:../system/src/newlib/exit.c **** 
  41:../system/src/newlib/exit.c **** // ----------------------------------------------------------------------------
  42:../system/src/newlib/exit.c **** 
  43:../system/src/newlib/exit.c **** // Forward declaration
  44:../system/src/newlib/exit.c **** 
  45:../system/src/newlib/exit.c **** void
  46:../system/src/newlib/exit.c **** _exit(int code);
  47:../system/src/newlib/exit.c **** 
  48:../system/src/newlib/exit.c **** // ----------------------------------------------------------------------------
  49:../system/src/newlib/exit.c **** 
  50:../system/src/newlib/exit.c **** // On Release, call the hardware reset procedure.
  51:../system/src/newlib/exit.c **** // On Debug we just enter an infinite loop, to be used as landmark when halting
  52:../system/src/newlib/exit.c **** // the debugger.
  53:../system/src/newlib/exit.c **** //
  54:../system/src/newlib/exit.c **** // It can be redefined in the application, if more functionality
  55:../system/src/newlib/exit.c **** // is required.
  56:../system/src/newlib/exit.c **** 
  57:../system/src/newlib/exit.c **** void
  58:../system/src/newlib/exit.c **** __attribute__((weak))
  59:../system/src/newlib/exit.c **** _exit(int code __attribute__((unused)))
  60:../system/src/newlib/exit.c **** {
  27              		.loc 1 60 1 view -0
  28              		.cfi_startproc
  29              		@ Volatile: function does not return.
  30              		@ args = 0, pretend = 0, frame = 0
  31              		@ frame_needed = 0, uses_anonymous_args = 0
  32              		@ link register save eliminated.
  33              	.LVL0:
  34              	.L2:
  61:../system/src/newlib/exit.c **** #if !defined(DEBUG)
  62:../system/src/newlib/exit.c ****   __reset_hardware();
  63:../system/src/newlib/exit.c **** #endif
  64:../system/src/newlib/exit.c **** 
  65:../system/src/newlib/exit.c ****   // TODO: write on trace
  66:../system/src/newlib/exit.c ****   while (1)
  35              		.loc 1 66 3 discriminator 1 view .LVU1
  36              		.loc 1 66 9 discriminator 1 view .LVU2
  37 0000 FEE7     		b	.L2
  38              		.cfi_endproc
  39              	.LFE0:
  41              		.section	.rodata.abort.str1.4,"aMS",%progbits,1
  42              		.align	2
  43              	.LC0:
  44 0000 61626F72 		.ascii	"abort(), exiting...\000"
  44      7428292C 
  44      20657869 
  44      74696E67 
  44      2E2E2E00 
  45              		.section	.text.abort,"ax",%progbits
  46              		.align	1
  47              		.weak	abort
  48              		.syntax unified
  49              		.thumb
  50              		.thumb_func
  52              	abort:
  53              	.LFB1:
  67:../system/src/newlib/exit.c ****     ;
  68:../system/src/newlib/exit.c **** }
  69:../system/src/newlib/exit.c **** 
  70:../system/src/newlib/exit.c **** // ----------------------------------------------------------------------------
  71:../system/src/newlib/exit.c **** 
  72:../system/src/newlib/exit.c **** void
  73:../system/src/newlib/exit.c **** __attribute__((weak,noreturn))
  74:../system/src/newlib/exit.c **** abort(void)
  75:../system/src/newlib/exit.c **** {
  54              		.loc 1 75 1 view -0
  55              		.cfi_startproc
  56              		@ Volatile: function does not return.
  57              		@ args = 0, pretend = 0, frame = 0
  58              		@ frame_needed = 0, uses_anonymous_args = 0
  59 0000 08B5     		push	{r3, lr}
  60              		.cfi_def_cfa_offset 8
  61              		.cfi_offset 3, -8
  62              		.cfi_offset 14, -4
  76:../system/src/newlib/exit.c ****   trace_puts("abort(), exiting...");
  63              		.loc 1 76 3 view .LVU4
  64 0002 0348     		ldr	r0, .L5
  65 0004 FFF7FEFF 		bl	trace_puts
  66              	.LVL1:
  77:../system/src/newlib/exit.c **** 
  78:../system/src/newlib/exit.c ****   _exit(1);
  67              		.loc 1 78 3 view .LVU5
  68 0008 0120     		movs	r0, #1
  69 000a FFF7FEFF 		bl	_exit
  70              	.LVL2:
  71              	.L6:
  72 000e 00BF     		.align	2
  73              	.L5:
  74 0010 00000000 		.word	.LC0
  75              		.cfi_endproc
  76              	.LFE1:
  78              		.text
  79              	.Letext0:
  80              		.file 2 "../system/inc/diag/trace.h"
  81              		.file 3 "c:\\users\\dmitriy\\appdata\\roaming\\xpacks\\@xpack-dev-tools\\arm-none-eabi-gcc\\12.3.1
  82              		.file 4 "c:\\users\\dmitriy\\appdata\\roaming\\xpacks\\@xpack-dev-tools\\arm-none-eabi-gcc\\12.3.1
DEFINED SYMBOLS
                            *ABS*:00000000 exit.c
C:\Users\Dmitriy\AppData\Local\Temp\ccW4xEzp.s:19     .text._exit:00000000 $t
C:\Users\Dmitriy\AppData\Local\Temp\ccW4xEzp.s:25     .text._exit:00000000 _exit
C:\Users\Dmitriy\AppData\Local\Temp\ccW4xEzp.s:42     .rodata.abort.str1.4:00000000 $d
C:\Users\Dmitriy\AppData\Local\Temp\ccW4xEzp.s:46     .text.abort:00000000 $t
C:\Users\Dmitriy\AppData\Local\Temp\ccW4xEzp.s:52     .text.abort:00000000 abort
C:\Users\Dmitriy\AppData\Local\Temp\ccW4xEzp.s:74     .text.abort:00000010 $d
                           .group:00000000 wm4.0.3ac34e011645c1b8d95761511e5c0518
                           .group:00000000 wm4.ieeefp.h.77.0ee3146e9d892bb10bc0066c30189af1
                           .group:00000000 wm4._newlib_version.h.4.6d111ab2e95434b664b53815e5c8ccba
                           .group:00000000 wm4.newlib.h.27.d4bf77c18f14f545101dac22f0b54118
                           .group:00000000 wm4.features.h.22.7877b139107948f7dadcf3660cc79cfd
                           .group:00000000 wm4.config.h.224.10ee1ad185d877c6e334e6581faab44d
                           .group:00000000 wm4._ansi.h.31.de524f58584151836e90d8620a16f8e8
                           .group:00000000 wm4.stdlib.h.13.4ed386f5c1a80d71e72172885d946ef2
                           .group:00000000 wm4.stddef.h.185.882514a1a6169ceba9142f401cbe27c6
                           .group:00000000 wm4.stddef.h.39.f07083f9b666a9e5c52a336c758fdd72
                           .group:00000000 wm4._types.h.20.dd0d04dca3800a0d2a6129b87f3adbb2
                           .group:00000000 wm4.stddef.h.158.5f30652bb2ea05b142c1bbee9108c999
                           .group:00000000 wm4._default_types.h.6.959254cf5f09734ea7516c89e8bb21bd
                           .group:00000000 wm4._types.h.127.3bdfe3ff8ea2d0985b03d9cbe93480e3
                           .group:00000000 wm4.reent.h.17.e292bf8b0bec6c96e131a54347145a30
                           .group:00000000 wm4.lock.h.2.1461d1fff82dffe8bfddc23307f6484f
                           .group:00000000 wm4.reent.h.77.89f7dde66c62b1f1dee32bdb6ab2d544
                           .group:00000000 wm4.cdefs.h.49.f93868eb904b9ca05b5c0257d31128ca
                           .group:00000000 wm4.alloca.h.8.dfc0c703c47ec3e69746825b17d9e66d
                           .group:00000000 wm4.stdlib.h.56.f4862cfbf4363a1db01842d5bdf72c18
                           .group:00000000 wm4.unistd.h.2.39165d5b7784d1815ef4b0c4be6df560
                           .group:00000000 wm4.types.h.40.8b6acba56cefbb11746718204edc8f5e
                           .group:00000000 wm4._stdint.h.10.c24fa3af3bc1706662bb5593a907e841
                           .group:00000000 wm4._endian.h.31.65a10590763c3dde1ac4a7f66d7d4891
                           .group:00000000 wm4.endian.h.9.49f3a4695c1b61e8a0808de3c4a106cb
                           .group:00000000 wm4._timeval.h.32.bec3221fa7a9bb0bdde696c9c57e47d2
                           .group:00000000 wm4.timespec.h.41.d855182eb0e690443ab8651bcedca6e1
                           .group:00000000 wm4.select.h.19.8f92964f85316d866d3bb193a38b5ac3
                           .group:00000000 wm4.types.h.51.e2a6e4379b4797ffcc4841f8498fd61b
                           .group:00000000 wm4.sched.h.22.c60982713a5c428609783c78f9c78d95
                           .group:00000000 wm4._pthreadtypes.h.36.fcee9961c35163dde6267ef772ad1972
                           .group:00000000 wm4.stddef.h.158.bfed30416c9480cd13bc4a25427d538f
                           .group:00000000 wm4.unistd.h.160.695186b56110851f30a6820c3f9a9999

UNDEFINED SYMBOLS
trace_puts
