Archive member included to satisfy reference by file (symbol)

c:/users/dmitriy/appdata/roaming/xpacks/@xpack-dev-tools/arm-none-eabi-gcc/12.3.1-1.2.1/.content/bin/../lib/gcc/arm-none-eabi/12.3.1/thumb/v7-m/nofp\libgcc.a(unwind-arm.o)
                              ./system/src/newlib/cxx.o (__aeabi_unwind_cpp_pr1)
c:/users/dmitriy/appdata/roaming/xpacks/@xpack-dev-tools/arm-none-eabi-gcc/12.3.1-1.2.1/.content/bin/../lib/gcc/arm-none-eabi/12.3.1/thumb/v7-m/nofp\libgcc.a(libunwind.o)
                              c:/users/dmitriy/appdata/roaming/xpacks/@xpack-dev-tools/arm-none-eabi-gcc/12.3.1-1.2.1/.content/bin/../lib/gcc/arm-none-eabi/12.3.1/thumb/v7-m/nofp\libgcc.a(unwind-arm.o) (restore_core_regs)
c:/users/dmitriy/appdata/roaming/xpacks/@xpack-dev-tools/arm-none-eabi-gcc/12.3.1-1.2.1/.content/bin/../lib/gcc/arm-none-eabi/12.3.1/thumb/v7-m/nofp\libgcc.a(pr-support.o)
                              c:/users/dmitriy/appdata/roaming/xpacks/@xpack-dev-tools/arm-none-eabi-gcc/12.3.1-1.2.1/.content/bin/../lib/gcc/arm-none-eabi/12.3.1/thumb/v7-m/nofp\libgcc.a(unwind-arm.o) (__gnu_unwind_execute)
c:/users/dmitriy/appdata/roaming/xpacks/@xpack-dev-tools/arm-none-eabi-gcc/12.3.1-1.2.1/.content/bin/../lib/gcc/arm-none-eabi/12.3.1/../../../../arm-none-eabi/lib/thumb/v7-m/nofp\libg_nano.a(libc_a-vsnprintf.o)
                              ./system/src/diag/trace.o (vsnprintf)
c:/users/dmitriy/appdata/roaming/xpacks/@xpack-dev-tools/arm-none-eabi-gcc/12.3.1-1.2.1/.content/bin/../lib/gcc/arm-none-eabi/12.3.1/../../../../arm-none-eabi/lib/thumb/v7-m/nofp\libg_nano.a(libc_a-impure.o)
                              c:/users/dmitriy/appdata/roaming/xpacks/@xpack-dev-tools/arm-none-eabi-gcc/12.3.1-1.2.1/.content/bin/../lib/gcc/arm-none-eabi/12.3.1/../../../../arm-none-eabi/lib/thumb/v7-m/nofp\libg_nano.a(libc_a-vsnprintf.o) (_impure_ptr)
c:/users/dmitriy/appdata/roaming/xpacks/@xpack-dev-tools/arm-none-eabi-gcc/12.3.1-1.2.1/.content/bin/../lib/gcc/arm-none-eabi/12.3.1/../../../../arm-none-eabi/lib/thumb/v7-m/nofp\libg_nano.a(libc_a-errno.o)
                              ./system/src/newlib/sbrk.o (__errno)
c:/users/dmitriy/appdata/roaming/xpacks/@xpack-dev-tools/arm-none-eabi-gcc/12.3.1-1.2.1/.content/bin/../lib/gcc/arm-none-eabi/12.3.1/../../../../arm-none-eabi/lib/thumb/v7-m/nofp\libg_nano.a(libc_a-memcpy-stub.o)
                              c:/users/dmitriy/appdata/roaming/xpacks/@xpack-dev-tools/arm-none-eabi-gcc/12.3.1-1.2.1/.content/bin/../lib/gcc/arm-none-eabi/12.3.1/thumb/v7-m/nofp\libgcc.a(unwind-arm.o) (memcpy)
c:/users/dmitriy/appdata/roaming/xpacks/@xpack-dev-tools/arm-none-eabi-gcc/12.3.1-1.2.1/.content/bin/../lib/gcc/arm-none-eabi/12.3.1/../../../../arm-none-eabi/lib/thumb/v7-m/nofp\libg_nano.a(libc_a-strlen.o)
                              ./system/src/diag/trace.o (strlen)
c:/users/dmitriy/appdata/roaming/xpacks/@xpack-dev-tools/arm-none-eabi-gcc/12.3.1-1.2.1/.content/bin/../lib/gcc/arm-none-eabi/12.3.1/../../../../arm-none-eabi/lib/thumb/v7-m/nofp\libg_nano.a(libc_a-nano-svfprintf.o)
                              c:/users/dmitriy/appdata/roaming/xpacks/@xpack-dev-tools/arm-none-eabi-gcc/12.3.1-1.2.1/.content/bin/../lib/gcc/arm-none-eabi/12.3.1/../../../../arm-none-eabi/lib/thumb/v7-m/nofp\libg_nano.a(libc_a-vsnprintf.o) (_svfprintf_r)
c:/users/dmitriy/appdata/roaming/xpacks/@xpack-dev-tools/arm-none-eabi-gcc/12.3.1-1.2.1/.content/bin/../lib/gcc/arm-none-eabi/12.3.1/../../../../arm-none-eabi/lib/thumb/v7-m/nofp\libg_nano.a(libc_a-nano-vfprintf_i.o)
                              c:/users/dmitriy/appdata/roaming/xpacks/@xpack-dev-tools/arm-none-eabi-gcc/12.3.1-1.2.1/.content/bin/../lib/gcc/arm-none-eabi/12.3.1/../../../../arm-none-eabi/lib/thumb/v7-m/nofp\libg_nano.a(libc_a-nano-svfprintf.o) (_printf_i)
c:/users/dmitriy/appdata/roaming/xpacks/@xpack-dev-tools/arm-none-eabi-gcc/12.3.1-1.2.1/.content/bin/../lib/gcc/arm-none-eabi/12.3.1/../../../../arm-none-eabi/lib/thumb/v7-m/nofp\libg_nano.a(libc_a-memmove.o)
                              c:/users/dmitriy/appdata/roaming/xpacks/@xpack-dev-tools/arm-none-eabi-gcc/12.3.1-1.2.1/.content/bin/../lib/gcc/arm-none-eabi/12.3.1/../../../../arm-none-eabi/lib/thumb/v7-m/nofp\libg_nano.a(libc_a-nano-svfprintf.o) (memmove)
c:/users/dmitriy/appdata/roaming/xpacks/@xpack-dev-tools/arm-none-eabi-gcc/12.3.1-1.2.1/.content/bin/../lib/gcc/arm-none-eabi/12.3.1/../../../../arm-none-eabi/lib/thumb/v7-m/nofp\libg_nano.a(libc_a-memchr-stub.o)
                              c:/users/dmitriy/appdata/roaming/xpacks/@xpack-dev-tools/arm-none-eabi-gcc/12.3.1-1.2.1/.content/bin/../lib/gcc/arm-none-eabi/12.3.1/../../../../arm-none-eabi/lib/thumb/v7-m/nofp\libg_nano.a(libc_a-nano-svfprintf.o) (memchr)
c:/users/dmitriy/appdata/roaming/xpacks/@xpack-dev-tools/arm-none-eabi-gcc/12.3.1-1.2.1/.content/bin/../lib/gcc/arm-none-eabi/12.3.1/../../../../arm-none-eabi/lib/thumb/v7-m/nofp\libg_nano.a(libc_a-freer.o)
[...]
Memory Configuration

Name             Origin             Length             Attributes
FLASH            0x08000000         0x00010000         xr
RAM              0x20000000         0x00005000         xrw
CCMRAM           0x10000000         0x00000000         xrw
FLASHB1          0x00000000         0x00000000         xr
EXTMEMB0         0x00000000         0x00000000         xr
EXTMEMB1         0x00000000         0x00000000         xr
EXTMEMB2         0x00000000         0x00000000         xr
EXTMEMB3         0x00000000         0x00000000         xr
*default*        0x00000000         0xffffffff

Linker script and memory map

LOAD ./system/src/newlib/assert.o
LOAD ./system/src/newlib/cxx.o
LOAD ./system/src/newlib/exit.o
LOAD ./system/src/newlib/sbrk.o
LOAD ./system/src/newlib/startup.o
LOAD ./system/src/newlib/syscalls.o
LOAD ./system/src/gd32f10x/gd32f10x_adc.o
LOAD ./system/src/gd32f10x/gd32f10x_bkp.o
LOAD ./system/src/gd32f10x/gd32f10x_can.o
LOAD ./system/src/gd32f10x/gd32f10x_crc.o
LOAD ./system/src/gd32f10x/gd32f10x_dac.o
LOAD ./system/src/gd32f10x/gd32f10x_dbg.o
LOAD ./system/src/gd32f10x/gd32f10x_dma.o
LOAD ./system/src/gd32f10x/gd32f10x_enet.o
LOAD ./system/src/gd32f10x/gd32f10x_exmc.o
LOAD ./system/src/gd32f10x/gd32f10x_exti.o
LOAD ./system/src/gd32f10x/gd32f10x_fmc.o
LOAD ./system/src/gd32f10x/gd32f10x_fwdgt.o
LOAD ./system/src/gd32f10x/gd32f10x_gpio.o
LOAD ./system/src/gd32f10x/gd32f10x_i2c.o
LOAD ./system/src/gd32f10x/gd32f10x_it.o
LOAD ./system/src/gd32f10x/gd32f10x_misc.o
LOAD ./system/src/gd32f10x/gd32f10x_pmu.o
LOAD ./system/src/gd32f10x/gd32f10x_rcu.o
LOAD ./system/src/gd32f10x/gd32f10x_rtc.o
LOAD ./system/src/gd32f10x/gd32f10x_sdio.o
LOAD ./system/src/gd32f10x/gd32f10x_spi.o
LOAD ./system/src/gd32f10x/gd32f10x_timer.o
LOAD ./system/src/gd32f10x/gd32f10x_usart.o
LOAD ./system/src/gd32f10x/gd32f10x_wwdgt.o
LOAD ./system/src/diag/trace-impl.o
LOAD ./system/src/diag/trace.o
LOAD ./system/src/cortexm/exception-handlers.o
LOAD ./system/src/cortexm/initialize-hardware.o
LOAD ./system/src/cortexm/reset-hardware.o
LOAD ./system/src/cmsis/system_gd32f10x.o
LOAD ./system/src/cmsis/vectors_gd32f10x.o
LOAD ./src/main.o
LOAD ./src/smi_drv_gpio_sim.o
LOAD ./src/timer.o
LOAD ./src/write.o
LOAD c:/users/dmitriy/appdata/roaming/xpacks/@xpack-dev-tools/arm-none-eabi-gcc/12.3.1-1.2.1/.content/bin/../lib/gcc/arm-none-eabi/12.3.1/../../../../arm-none-eabi/lib/thumb/v7-m/nofp\libstdc++_nano.a
LOAD c:/users/dmitriy/appdata/roaming/xpacks/@xpack-dev-tools/arm-none-eabi-gcc/12.3.1-1.2.1/.content/bin/../lib/gcc/arm-none-eabi/12.3.1/../../../../arm-none-eabi/lib/thumb/v7-m/nofp\libm.a
START GROUP
LOAD c:/users/dmitriy/appdata/roaming/xpacks/@xpack-dev-tools/arm-none-eabi-gcc/12.3.1-1.2.1/.content/bin/../lib/gcc/arm-none-eabi/12.3.1/thumb/v7-m/nofp\libgcc.a
LOAD c:/users/dmitriy/appdata/roaming/xpacks/@xpack-dev-tools/arm-none-eabi-gcc/12.3.1-1.2.1/.content/bin/../lib/gcc/arm-none-eabi/12.3.1/../../../../arm-none-eabi/lib/thumb/v7-m/nofp\libg_nano.a
LOAD c:/users/dmitriy/appdata/roaming/xpacks/@xpack-dev-tools/arm-none-eabi-gcc/12.3.1-1.2.1/.content/bin/../lib/gcc/arm-none-eabi/12.3.1/../../../../arm-none-eabi/lib/thumb/v7-m/nofp\libc_nano.a
END GROUP
START GROUP
LOAD c:/users/dmitriy/appdata/roaming/xpacks/@xpack-dev-tools/arm-none-eabi-gcc/12.3.1-1.2.1/.content/bin/../lib/gcc/arm-none-eabi/12.3.1/thumb/v7-m/nofp\libgcc.a
LOAD c:/users/dmitriy/appdata/roaming/xpacks/@xpack-dev-tools/arm-none-eabi-gcc/12.3.1-1.2.1/.content/bin/../lib/gcc/arm-none-eabi/12.3.1/../../../../arm-none-eabi/lib/thumb/v7-m/nofp\libc_nano.a
END GROUP
                0x20005000                        __stack = (ORIGIN (RAM) + LENGTH (RAM))
                0x20005000                        _estack = __stack
                0x00000400                        __Main_Stack_Size = 0x400
                [!provide]                        PROVIDE (_Main_Stack_Size = __Main_Stack_Size)
                0x20004c00                        __Main_Stack_Limit = (__stack - __Main_Stack_Size)
                [!provide]                        PROVIDE (_Main_Stack_Limit = __Main_Stack_Limit)
                0x00000100                        _Minimum_Stack_Size = 0x100
                0x2000010c                        PROVIDE (_Heap_Begin = _end_noinit)
                0x20004c00                        PROVIDE (_Heap_Limit = (__stack - __Main_Stack_Size))

.isr_vector     0x08000000      0x346
 FILL mask 0xff
                0x08000000                        __vectors_start = ABSOLUTE (.)
                0x08000000                        __vectors_start__ = ABSOLUTE (.)
 *(.isr_vector)
 .isr_vector    0x08000000      0x104 ./system/src/cmsis/vectors_gd32f10x.o
                0x08000000                __isr_vectors
 *(.cfmconfig)
 *(.after_vectors .after_vectors.*)
 .after_vectors
                0x08000104      0x114 ./system/src/newlib/startup.o
                0x08000104                _start
 .after_vectors
                0x08000218      0x12c ./system/src/cortexm/exception-handlers.o
                0x08000218                Reset_Handler
                0x08000236                HardFault_Handler_C
                0x080002ac                BusFault_Handler_C
                0x080002f4                UsageFault_Handler_C
 .after_vectors
                0x08000344        0x2 ./system/src/cmsis/vectors_gd32f10x.o
                0x08000344                RTC_Alarm_IRQHandler
                0x08000344                EXTI2_IRQHandler
                0x08000344                TIMER2_IRQHandler
                0x08000344                LVD_IRQHandler
                0x08000344                TIMER0_BRK_IRQHandler
                0x08000344                ADC0_1_IRQHandler
                0x08000344                TIMER0_UP_IRQHandler
                0x08000344                EXTI3_IRQHandler
                0x08000344                TIMER3_IRQHandler
                0x08000344                DMA0_Channel6_IRQHandler
                0x08000344                I2C0_EV_IRQHandler
                0x08000344                EXTI0_IRQHandler
                0x08000344                SPI1_IRQHandler
                0x08000344                DMA0_Channel0_IRQHandler
                0x08000344                TAMPER_IRQHandler
                0x08000344                DMA0_Channel3_IRQHandler
                0x08000344                I2C0_ER_IRQHandler
                0x08000344                RTC_IRQHandler
                0x08000344                DMA0_Channel2_IRQHandler
                0x08000344                USART0_IRQHandler
                0x08000344                TIMER1_IRQHandler
                0x08000344                TIMER0_TRG_CMT_IRQHandler
                0x08000344                I2C1_EV_IRQHandler
                0x08000344                EXTI10_15_IRQHandler
                0x08000344                Default_Handler
                0x08000344                WWDGT_IRQHandler
                0x08000344                EXMC_IRQHandler
                0x08000344                USBD_WKUP_IRQHandler
                0x08000344                EXTI4_IRQHandler
                0x08000344                USBD_HP_CAN0_TX_IRQHandler
                0x08000344                DMA0_Channel5_IRQHandler
                0x08000344                EXTI5_9_IRQHandler
                0x08000344                RCU_IRQHandler
                0x08000344                DMA0_Channel1_IRQHandler
                0x08000344                TIMER0_Channel_IRQHandler
                0x08000344                EXTI1_IRQHandler
                0x08000344                SPI0_IRQHandler
                0x08000344                USART2_IRQHandler
                0x08000344                CAN0_EWMC_IRQHandler
                0x08000344                USBD_LP_CAN0_RX0_IRQHandler
                0x08000344                USART1_IRQHandler
                0x08000344                I2C1_ER_IRQHandler
                0x08000344                FMC_IRQHandler
                0x08000344                DMA0_Channel4_IRQHandler

.inits          0x08000348       0x28
                0x08000348                        __data_regions_array_start = .
                0x08000348        0x4 LONG 0x8001620 LOADADDR (.data)
                0x0800034c        0x4 LONG 0x20000000 ADDR (.data)
                0x08000350        0x4 LONG 0x20000064 (ADDR (.data) + SIZEOF (.data))
                0x08000354        0x4 LONG 0x8001620 LOADADDR (.data_CCMRAM)
                0x08000358        0x4 LONG 0x10000000 ADDR (.data_CCMRAM)
                0x0800035c        0x4 LONG 0x10000000 (ADDR (.data_CCMRAM) + SIZEOF (.data_CCMRAM))
                0x08000360                        __data_regions_array_end = .
                0x08000360                        __bss_regions_array_start = .
                0x08000360        0x4 LONG 0x20000064 ADDR (.bss)
                0x08000364        0x4 LONG 0x2000010c (ADDR (.bss) + SIZEOF (.bss))
                0x08000368        0x4 LONG 0x10000000 ADDR (.bss_CCMRAM)
                0x0800036c        0x4 LONG 0x10000000 (ADDR (.bss_CCMRAM) + SIZEOF (.bss_CCMRAM))
                0x08000370                        __bss_regions_array_end = .
 *(.init)
 *(.fini)
                0x08000370                        . = ALIGN (0x4)
                0x08000370                        PROVIDE (__preinit_array_start = .)
 *(.preinit_array_sysinit .preinit_array_sysinit.*)
 *(.preinit_array_platform .preinit_array_platform.*)
 *(.preinit_array .preinit_array.*)
                0x08000370                        PROVIDE (__preinit_array_end = .)
                0x08000370                        . = ALIGN (0x4)
                0x08000370                        PROVIDE (__init_array_start = .)
 *(SORT_BY_NAME(.init_array.*))
 *(.init_array)
                0x08000370                        PROVIDE (__init_array_end = .)
                0x08000370                        . = ALIGN (0x4)
                0x08000370                        PROVIDE (__fini_array_start = .)
 *(SORT_BY_NAME(.fini_array.*))
 *(.fini_array)
                0x08000370                        PROVIDE (__fini_array_end = .)

.flashtext
 *(.flashtext .flashtext.*)

.text           0x08000370     0x12b0
 *(.text .text.*)
 .text._exit    0x08000370        0x2 ./system/src/newlib/exit.o
                0x08000370                _exit
 *fill*         0x08000372        0x2 
 .text._sbrk    0x08000374       0x44 ./system/src/newlib/sbrk.o
                0x08000374                _sbrk
 .text.__initialize_args
                0x080003b8       0x10 ./system/src/newlib/syscalls.o
                0x080003b8                __initialize_args
 .text.gpio_init
                0x080003c8       0x92 ./system/src/gd32f10x/gd32f10x_gpio.o
                0x080003c8                gpio_init
 .text.gpio_bit_write
                0x0800045a        0xa ./system/src/gd32f10x/gd32f10x_gpio.o
                0x0800045a                gpio_bit_write
 .text.gpio_input_bit_get
                0x08000464        0xe ./system/src/gd32f10x/gd32f10x_gpio.o
                0x08000464                gpio_input_bit_get
 .text.NMI_Handler
                0x08000472        0x2 ./system/src/gd32f10x/gd32f10x_it.o
                0x08000472                NMI_Handler
 .text.HardFault_Handler
                0x08000474        0x2 ./system/src/gd32f10x/gd32f10x_it.o
                0x08000474                HardFault_Handler
 .text.MemManage_Handler
                0x08000476        0x2 ./system/src/gd32f10x/gd32f10x_it.o
                0x08000476                MemManage_Handler
 .text.BusFault_Handler
                0x08000478        0x2 ./system/src/gd32f10x/gd32f10x_it.o
                0x08000478                BusFault_Handler
 .text.UsageFault_Handler
                0x0800047a        0x2 ./system/src/gd32f10x/gd32f10x_it.o
                0x0800047a                UsageFault_Handler
 .text.SVC_Handler
                0x0800047c        0x2 ./system/src/gd32f10x/gd32f10x_it.o
                0x0800047c                SVC_Handler
 .text.DebugMon_Handler
                0x0800047e        0x2 ./system/src/gd32f10x/gd32f10x_it.o
                0x0800047e                DebugMon_Handler
 .text.PendSV_Handler
                0x08000480        0x2 ./system/src/gd32f10x/gd32f10x_it.o
                0x08000480                PendSV_Handler
 .text.CAN0_RX1_IRQHandler
                0x08000482        0x2 ./system/src/gd32f10x/gd32f10x_it.o
                0x08000482                CAN0_RX1_IRQHandler
 .text.rcu_periph_clock_enable
                0x08000484       0x1a ./system/src/gd32f10x/gd32f10x_rcu.o
                0x08000484                rcu_periph_clock_enable
 .text._trace_write_semihosting_debug
                0x0800049e       0x62 ./system/src/diag/trace-impl.o
 .text.trace_write
                0x08000500        0x8 ./system/src/diag/trace-impl.o
                0x08000500                trace_write
 .text.trace_printf
                0x08000508       0x34 ./system/src/diag/trace.o
                0x08000508                trace_printf
 .text.dumpExceptionStack
                0x0800053c       0xf4 ./system/src/cortexm/exception-handlers.o
                0x0800053c                dumpExceptionStack
 .text.isSemihosting
                0x08000630       0x20 ./system/src/cortexm/exception-handlers.o
                0x08000630                isSemihosting
 .text.__initialize_hardware_early
                0x08000650       0x18 ./system/src/cortexm/initialize-hardware.o
                0x08000650                __initialize_hardware_early
 .text.__initialize_hardware
                0x08000668        0x8 ./system/src/cortexm/initialize-hardware.o
                0x08000668                __initialize_hardware
 .text.system_clock_108m_hxtal
                0x08000670       0x9c ./system/src/cmsis/system_gd32f10x.o
 .text.system_clock_config
                0x0800070c        0x8 ./system/src/cmsis/system_gd32f10x.o
 .text.SystemInit
                0x08000714       0x54 ./system/src/cmsis/system_gd32f10x.o
                0x08000714                SystemInit
 .text.SystemCoreClockUpdate
                0x08000768       0x80 ./system/src/cmsis/system_gd32f10x.o
                0x08000768                SystemCoreClockUpdate
 .text.main     0x080007e8       0x5c ./src/main.o
                0x080007e8                main
 .text.gpio_set_dir
                0x08000844       0x28 ./src/smi_drv_gpio_sim.o
 .text.gpio_write_bit
                0x0800086c       0x14 ./src/smi_drv_gpio_sim.o
 .text.gpio_read_bit
                0x08000880       0x18 ./src/smi_drv_gpio_sim.o
 .text.smi_write_bits
                0x08000898       0x7c ./src/smi_drv_gpio_sim.o
                0x08000898                smi_write_bits
 .text.smi_read_bits
                0x08000914       0x76 ./src/smi_drv_gpio_sim.o
                0x08000914                smi_read_bits
 .text.smi_write_cl22
                0x0800098a       0x50 ./src/smi_drv_gpio_sim.o
                0x0800098a                smi_write_cl22
 .text.smi_read_cl22
                0x080009da       0x58 ./src/smi_drv_gpio_sim.o
                0x080009da                smi_read_cl22
 .text.HAL_MEM_DIRECT_WRITE
                0x08000a32       0x32 ./src/smi_drv_gpio_sim.o
                0x08000a32                HAL_MEM_DIRECT_WRITE
 .text.HAL_MEM_DIRECT_READ
                0x08000a64       0x5a ./src/smi_drv_gpio_sim.o
                0x08000a64                HAL_MEM_DIRECT_READ
 *fill*         0x08000abe        0x2 
 .text.timer_start
                0x08000ac0       0x38 ./src/timer.o
                0x08000ac0                timer_start
 .text.timer_sleep
                0x08000af8       0x14 ./src/timer.o
                0x08000af8                timer_sleep
 .text.timer_tick
                0x08000b0c       0x14 ./src/timer.o
                0x08000b0c                timer_tick
 .text.SysTick_Handler
                0x08000b20        0x8 ./src/timer.o
                0x08000b20                SysTick_Handler
 .text._vsnprintf_r
                0x08000b28       0x56 c:/users/dmitriy/appdata/roaming/xpacks/@xpack-dev-tools/arm-none-eabi-gcc/12.3.1-1.2.1/.content/bin/../lib/gcc/arm-none-eabi/12.3.1/../../../../arm-none-eabi/lib/thumb/v7-m/nofp\libg_nano.a(libc_a-vsnprintf.o)
                0x08000b28                _vsniprintf_r
                0x08000b28                _vsnprintf_r
 *fill*         0x08000b7e        0x2 
 .text.vsnprintf
                0x08000b80       0x1c c:/users/dmitriy/appdata/roaming/xpacks/@xpack-dev-tools/arm-none-eabi-gcc/12.3.1-1.2.1/.content/bin/../lib/gcc/arm-none-eabi/12.3.1/../../../../arm-none-eabi/lib/thumb/v7-m/nofp\libg_nano.a(libc_a-vsnprintf.o)
                0x08000b80                vsniprintf
                0x08000b80                vsnprintf
 .text.__errno  0x08000b9c        0xc c:/users/dmitriy/appdata/roaming/xpacks/@xpack-dev-tools/arm-none-eabi-gcc/12.3.1-1.2.1/.content/bin/../lib/gcc/arm-none-eabi/12.3.1/../../../../arm-none-eabi/lib/thumb/v7-m/nofp\libg_nano.a(libc_a-errno.o)
                0x08000b9c                __errno
 .text.memcpy   0x08000ba8       0x1c c:/users/dmitriy/appdata/roaming/xpacks/@xpack-dev-tools/arm-none-eabi-gcc/12.3.1-1.2.1/.content/bin/../lib/gcc/arm-none-eabi/12.3.1/../../../../arm-none-eabi/lib/thumb/v7-m/nofp\libg_nano.a(libc_a-memcpy-stub.o)
                0x08000ba8                memcpy
 .text.__ssputs_r
                0x08000bc4       0xb6 c:/users/dmitriy/appdata/roaming/xpacks/@xpack-dev-tools/arm-none-eabi-gcc/12.3.1-1.2.1/.content/bin/../lib/gcc/arm-none-eabi/12.3.1/../../../../arm-none-eabi/lib/thumb/v7-m/nofp\libg_nano.a(libc_a-nano-svfprintf.o)
                0x08000bc4                __ssputs_r
 *fill*         0x08000c7a        0x2 
 .text._svfprintf_r
                0x08000c7c      0x1f8 c:/users/dmitriy/appdata/roaming/xpacks/@xpack-dev-tools/arm-none-eabi-gcc/12.3.1-1.2.1/.content/bin/../lib/gcc/arm-none-eabi/12.3.1/../../../../arm-none-eabi/lib/thumb/v7-m/nofp\libg_nano.a(libc_a-nano-svfprintf.o)
                0x08000c7c                _svfiprintf_r
                0x08000c7c                _svfprintf_r
 .text._printf_common
                0x08000e74       0xe4 c:/users/dmitriy/appdata/roaming/xpacks/@xpack-dev-tools/arm-none-eabi-gcc/12.3.1-1.2.1/.content/bin/../lib/gcc/arm-none-eabi/12.3.1/../../../../arm-none-eabi/lib/thumb/v7-m/nofp\libg_nano.a(libc_a-nano-vfprintf_i.o)
                0x08000e74                _printf_common
 .text._printf_i
                0x08000f58      0x258 c:/users/dmitriy/appdata/roaming/xpacks/@xpack-dev-tools/arm-none-eabi-gcc/12.3.1-1.2.1/.content/bin/../lib/gcc/arm-none-eabi/12.3.1/../../../../arm-none-eabi/lib/thumb/v7-m/nofp\libg_nano.a(libc_a-nano-vfprintf_i.o)
                0x08000f58                _printf_i
 .text.memmove  0x080011b0       0x34 c:/users/dmitriy/appdata/roaming/xpacks/@xpack-dev-tools/arm-none-eabi-gcc/12.3.1-1.2.1/.content/bin/../lib/gcc/arm-none-eabi/12.3.1/../../../../arm-none-eabi/lib/thumb/v7-m/nofp\libg_nano.a(libc_a-memmove.o)
                0x080011b0                memmove
 .text.memchr   0x080011e4       0x1c c:/users/dmitriy/appdata/roaming/xpacks/@xpack-dev-tools/arm-none-eabi-gcc/12.3.1-1.2.1/.content/bin/../lib/gcc/arm-none-eabi/12.3.1/../../../../arm-none-eabi/lib/thumb/v7-m/nofp\libg_nano.a(libc_a-memchr-stub.o)
                0x080011e4                memchr
 .text._free_r  0x08001200       0x90 c:/users/dmitriy/appdata/roaming/xpacks/@xpack-dev-tools/arm-none-eabi-gcc/12.3.1-1.2.1/.content/bin/../lib/gcc/arm-none-eabi/12.3.1/../../../../arm-none-eabi/lib/thumb/v7-m/nofp\libg_nano.a(libc_a-freer.o)
                0x08001200                _free_r
 .text.sbrk_aligned
                0x08001290       0x44 c:/users/dmitriy/appdata/roaming/xpacks/@xpack-dev-tools/arm-none-eabi-gcc/12.3.1-1.2.1/.content/bin/../lib/gcc/arm-none-eabi/12.3.1/../../../../arm-none-eabi/lib/thumb/v7-m/nofp\libg_nano.a(libc_a-mallocr.o)
 .text._malloc_r
                0x080012d4      0x100 c:/users/dmitriy/appdata/roaming/xpacks/@xpack-dev-tools/arm-none-eabi-gcc/12.3.1-1.2.1/.content/bin/../lib/gcc/arm-none-eabi/12.3.1/../../../../arm-none-eabi/lib/thumb/v7-m/nofp\libg_nano.a(libc_a-mallocr.o)
                0x080012d4                _malloc_r
 .text.__malloc_lock
                0x080013d4        0xc c:/users/dmitriy/appdata/roaming/xpacks/@xpack-dev-tools/arm-none-eabi-gcc/12.3.1-1.2.1/.content/bin/../lib/gcc/arm-none-eabi/12.3.1/../../../../arm-none-eabi/lib/thumb/v7-m/nofp\libg_nano.a(libc_a-mlock.o)
                0x080013d4                __malloc_lock
 .text.__malloc_unlock
                0x080013e0        0xc c:/users/dmitriy/appdata/roaming/xpacks/@xpack-dev-tools/arm-none-eabi-gcc/12.3.1-1.2.1/.content/bin/../lib/gcc/arm-none-eabi/12.3.1/../../../../arm-none-eabi/lib/thumb/v7-m/nofp\libg_nano.a(libc_a-mlock.o)
                0x080013e0                __malloc_unlock
 .text._realloc_r
                0x080013ec       0x5c c:/users/dmitriy/appdata/roaming/xpacks/@xpack-dev-tools/arm-none-eabi-gcc/12.3.1-1.2.1/.content/bin/../lib/gcc/arm-none-eabi/12.3.1/../../../../arm-none-eabi/lib/thumb/v7-m/nofp\libg_nano.a(libc_a-reallocr.o)
                0x080013ec                _realloc_r
 .text._sbrk_r  0x08001448       0x20 c:/users/dmitriy/appdata/roaming/xpacks/@xpack-dev-tools/arm-none-eabi-gcc/12.3.1-1.2.1/.content/bin/../lib/gcc/arm-none-eabi/12.3.1/../../../../arm-none-eabi/lib/thumb/v7-m/nofp\libg_nano.a(libc_a-sbrkr.o)
                0x08001448                _sbrk_r
 .text.__retarget_lock_acquire_recursive
                0x08001468        0x2 c:/users/dmitriy/appdata/roaming/xpacks/@xpack-dev-tools/arm-none-eabi-gcc/12.3.1-1.2.1/.content/bin/../lib/gcc/arm-none-eabi/12.3.1/../../../../arm-none-eabi/lib/thumb/v7-m/nofp\libg_nano.a(libc_a-lock.o)
                0x08001468                __retarget_lock_acquire_recursive
 .text.__retarget_lock_release_recursive
                0x0800146a        0x2 c:/users/dmitriy/appdata/roaming/xpacks/@xpack-dev-tools/arm-none-eabi-gcc/12.3.1-1.2.1/.content/bin/../lib/gcc/arm-none-eabi/12.3.1/../../../../arm-none-eabi/lib/thumb/v7-m/nofp\libg_nano.a(libc_a-lock.o)
                0x0800146a                __retarget_lock_release_recursive
 .text._malloc_usable_size_r
                0x0800146c       0x10 c:/users/dmitriy/appdata/roaming/xpacks/@xpack-dev-tools/arm-none-eabi-gcc/12.3.1-1.2.1/.content/bin/../lib/gcc/arm-none-eabi/12.3.1/../../../../arm-none-eabi/lib/thumb/v7-m/nofp\libg_nano.a(libc_a-msizer.o)
                0x0800146c                _malloc_usable_size_r
 *(.rodata .rodata.* .constdata .constdata.*)
 .rodata.dumpExceptionStack.str1.4
                0x0800147c      0x11a ./system/src/cortexm/exception-handlers.o
 *fill*         0x08001596        0x2 
 .rodata.str1.4
                0x08001598       0x2a ./system/src/cortexm/exception-handlers.o
 .rodata._svfprintf_r.str1.1
                0x080015c2       0x11 c:/users/dmitriy/appdata/roaming/xpacks/@xpack-dev-tools/arm-none-eabi-gcc/12.3.1-1.2.1/.content/bin/../lib/gcc/arm-none-eabi/12.3.1/../../../../arm-none-eabi/lib/thumb/v7-m/nofp\libg_nano.a(libc_a-nano-svfprintf.o)
 .rodata._printf_i.str1.1
                0x080015d3       0x22 c:/users/dmitriy/appdata/roaming/xpacks/@xpack-dev-tools/arm-none-eabi-gcc/12.3.1-1.2.1/.content/bin/../lib/gcc/arm-none-eabi/12.3.1/../../../../arm-none-eabi/lib/thumb/v7-m/nofp\libg_nano.a(libc_a-nano-vfprintf_i.o)
 *(vtable)
 *(.eh_frame*)
 *fill*         0x080015f5        0x3 
 .eh_frame      0x080015f8       0x28 c:/users/dmitriy/appdata/roaming/xpacks/@xpack-dev-tools/arm-none-eabi-gcc/12.3.1-1.2.1/.content/bin/../lib/gcc/arm-none-eabi/12.3.1/../../../../arm-none-eabi/lib/thumb/v7-m/nofp\libg_nano.a(libc_a-strlen.o)
 *(.glue_7)
 .glue_7        0x08001620        0x0 linker stubs
 *(.glue_7t)
 .glue_7t       0x08001620        0x0 linker stubs

.vfp11_veneer   0x08001620        0x0
 .vfp11_veneer  0x08001620        0x0 linker stubs

.v4_bx          0x08001620        0x0
 .v4_bx         0x08001620        0x0 linker stubs

.iplt           0x08001620        0x0
 .iplt          0x08001620        0x0 ./system/src/newlib/sbrk.o

.rel.dyn        0x08001620        0x0
 .rel.iplt      0x08001620        0x0 ./system/src/newlib/sbrk.o

.ARM.extab
 *(.ARM.extab* .gnu.linkonce.armextab.*)
                0x08001620                        . = ALIGN (0x4)
                0x08001620                        __exidx_start = .

.ARM.exidx
 *(.ARM.exidx* .gnu.linkonce.armexidx.*)
                0x08001620                        __exidx_end = .
                0x08001620                        . = ALIGN (0x4)
                0x08001620                        _etext = .
                0x08001620                        __etext = .

.data_CCMRAM    0x10000000        0x0 load address 0x08001620
 FILL mask 0xff
 *(.data.CCMRAM .data.CCMRAM.*)
                0x10000000                        . = ALIGN (0x4)
                0x08001620                        _sidata = LOADADDR (.data)

.data           0x20000000       0x64 load address 0x08001620
 FILL mask 0xff
                0x20000000                        _sdata = .
                0x20000000                        __data_start__ = .
 *(.data_begin .data_begin.*)
 .data_begin    0x20000000        0x4 ./system/src/newlib/startup.o
 *(.data .data.*)
 .data.argv.1   0x20000004        0x8 ./system/src/newlib/syscalls.o
 .data.SystemCoreClock
                0x2000000c        0x4 ./system/src/cmsis/system_gd32f10x.o
                0x2000000c                SystemCoreClock
 .data._impure_ptr
                0x20000010        0x4 c:/users/dmitriy/appdata/roaming/xpacks/@xpack-dev-tools/arm-none-eabi-gcc/12.3.1-1.2.1/.content/bin/../lib/gcc/arm-none-eabi/12.3.1/../../../../arm-none-eabi/lib/thumb/v7-m/nofp\libg_nano.a(libc_a-impure.o)
                0x20000010                _impure_ptr
 .data._impure_data
                0x20000014       0x4c c:/users/dmitriy/appdata/roaming/xpacks/@xpack-dev-tools/arm-none-eabi-gcc/12.3.1-1.2.1/.content/bin/../lib/gcc/arm-none-eabi/12.3.1/../../../../arm-none-eabi/lib/thumb/v7-m/nofp\libg_nano.a(libc_a-impure.o)
                0x20000014                _impure_data
 *(.data_end .data_end.*)
 .data_end      0x20000060        0x4 ./system/src/newlib/startup.o
                0x20000064                        . = ALIGN (0x4)
                0x20000064                        _edata = .
                0x20000064                        __data_end__ = .

.igot.plt       0x20000064        0x0 load address 0x08001684
 .igot.plt      0x20000064        0x0 ./system/src/newlib/sbrk.o

.bss_CCMRAM     0x10000000        0x0
 *(.bss.CCMRAM .bss.CCMRAM.*)

.bss            0x20000064       0xa8
                0x20000064                        __bss_start__ = .
                0x20000064                        _sbss = .
 *(.bss_begin .bss_begin.*)
 .bss_begin     0x20000064        0x4 ./system/src/newlib/startup.o
 *(.bss .bss.*)
 .bss.current_heap_end.0
                0x20000068        0x4 ./system/src/newlib/sbrk.o
 .bss.name.0    0x2000006c        0x1 ./system/src/newlib/syscalls.o
 *fill*         0x2000006d        0x3 
 .bss.errno     0x20000070        0x4 ./system/src/newlib/syscalls.o
                0x20000070                errno
 .bss.buf.0     0x20000074       0x80 ./system/src/diag/trace.o
 .bss.reg_data  0x200000f4        0x4 ./src/main.o
                0x200000f4                reg_data
 .bss.timer_delayCount
                0x200000f8        0x4 ./src/timer.o
                0x200000f8                timer_delayCount
 .bss.__malloc_sbrk_start
                0x200000fc        0x4 c:/users/dmitriy/appdata/roaming/xpacks/@xpack-dev-tools/arm-none-eabi-gcc/12.3.1-1.2.1/.content/bin/../lib/gcc/arm-none-eabi/12.3.1/../../../../arm-none-eabi/lib/thumb/v7-m/nofp\libg_nano.a(libc_a-mallocr.o)
                0x200000fc                __malloc_sbrk_start
 .bss.__malloc_free_list
                0x20000100        0x4 c:/users/dmitriy/appdata/roaming/xpacks/@xpack-dev-tools/arm-none-eabi-gcc/12.3.1-1.2.1/.content/bin/../lib/gcc/arm-none-eabi/12.3.1/../../../../arm-none-eabi/lib/thumb/v7-m/nofp\libg_nano.a(libc_a-mallocr.o)
                0x20000100                __malloc_free_list
 .bss.__lock___malloc_recursive_mutex
                0x20000104        0x1 c:/users/dmitriy/appdata/roaming/xpacks/@xpack-dev-tools/arm-none-eabi-gcc/12.3.1-1.2.1/.content/bin/../lib/gcc/arm-none-eabi/12.3.1/../../../../arm-none-eabi/lib/thumb/v7-m/nofp\libg_nano.a(libc_a-lock.o)
                0x20000104                __lock___malloc_recursive_mutex
 *(COMMON)
 *(.bss_end .bss_end.*)
 *fill*         0x20000105        0x3 
 .bss_end       0x20000108        0x4 ./system/src/newlib/startup.o
                0x2000010c                        . = ALIGN (0x4)
                0x2000010c                        __bss_end__ = .
                0x2000010c                        _ebss = .

.noinit_CCMRAM
 *(.noinit.CCMRAM .noinit.CCMRAM.*)

.noinit         0x2000010c        0x0
                0x2000010c                        _noinit = .
 *(.noinit .noinit.*)
                0x2000010c                        . = ALIGN (0x4)
                0x2000010c                        _end_noinit = .
                [!provide]                        PROVIDE (end = _end_noinit)
                [!provide]                        PROVIDE (_end = _end_noinit)
                [!provide]                        PROVIDE (__end = _end_noinit)
                [!provide]                        PROVIDE (__end__ = _end_noinit)

._check_stack   0x2000010c      0x100
                0x2000020c                        . = (. + _Minimum_Stack_Size)
 *fill*         0x2000010c      0x100 

.b1text
 *(.b1text)
 *(.b1rodata)
 *(.b1rodata.*)

.eb0text
 *(.eb0text)
 *(.eb0rodata)
 *(.eb0rodata.*)

.eb1text
 *(.eb1text)
 *(.eb1rodata)
 *(.eb1rodata.*)

.eb2text
 *(.eb2text)
 *(.eb2rodata)
 *(.eb2rodata.*)

.eb3text
 *(.eb3text)
 *(.eb3rodata)
 *(.eb3rodata.*)

.stab
 *(.stab)

.stabstr
 *(.stabstr)

.stab.excl
 *(.stab.excl)

.stab.exclstr
 *(.stab.exclstr)

.stab.index
 *(.stab.index)

.stab.indexstr
 *(.stab.indexstr)

.comment        0x00000000       0x39
 *(.comment)
 .comment       0x00000000       0x39 ./system/src/newlib/exit.o
                                 0x3a (size before relaxing)
 .comment       0x00000039       0x3a ./system/src/newlib/sbrk.o
 .comment       0x00000039       0x3a ./system/src/newlib/startup.o
 .comment       0x00000039       0x3a ./system/src/newlib/syscalls.o
 .comment       0x00000039       0x3a ./system/src/gd32f10x/gd32f10x_gpio.o
 .comment       0x00000039       0x3a ./system/src/gd32f10x/gd32f10x_it.o
 .comment       0x00000039       0x3a ./system/src/gd32f10x/gd32f10x_rcu.o
 .comment       0x00000039       0x3a ./system/src/diag/trace-impl.o
 .comment       0x00000039       0x3a ./system/src/diag/trace.o
 .comment       0x00000039       0x3a ./system/src/cortexm/exception-handlers.o
 .comment       0x00000039       0x3a ./system/src/cortexm/initialize-hardware.o
 .comment       0x00000039       0x3a ./system/src/cmsis/system_gd32f10x.o
 .comment       0x00000039       0x3a ./system/src/cmsis/vectors_gd32f10x.o
 .comment       0x00000039       0x3a ./src/main.o
 .comment       0x00000039       0x3a ./src/smi_drv_gpio_sim.o
 .comment       0x00000039       0x3a ./src/timer.o
 .comment       0x00000039       0x3a c:/users/dmitriy/appdata/roaming/xpacks/@xpack-dev-tools/arm-none-eabi-gcc/12.3.1-1.2.1/.content/bin/../lib/gcc/arm-none-eabi/12.3.1/../../../../arm-none-eabi/lib/thumb/v7-m/nofp\libg_nano.a(libc_a-vsnprintf.o)
 .comment       0x00000039       0x3a c:/users/dmitriy/appdata/roaming/xpacks/@xpack-dev-tools/arm-none-eabi-gcc/12.3.1-1.2.1/.content/bin/../lib/gcc/arm-none-eabi/12.3.1/../../../../arm-none-eabi/lib/thumb/v7-m/nofp\libg_nano.a(libc_a-impure.o)
 .comment       0x00000039       0x3a c:/users/dmitriy/appdata/roaming/xpacks/@xpack-dev-tools/arm-none-eabi-gcc/12.3.1-1.2.1/.content/bin/../lib/gcc/arm-none-eabi/12.3.1/../../../../arm-none-eabi/lib/thumb/v7-m/nofp\libg_nano.a(libc_a-errno.o)
 .comment       0x00000039       0x3a c:/users/dmitriy/appdata/roaming/xpacks/@xpack-dev-tools/arm-none-eabi-gcc/12.3.1-1.2.1/.content/bin/../lib/gcc/arm-none-eabi/12.3.1/../../../../arm-none-eabi/lib/thumb/v7-m/nofp\libg_nano.a(libc_a-memcpy-stub.o)
 .comment       0x00000039       0x3a c:/users/dmitriy/appdata/roaming/xpacks/@xpack-dev-tools/arm-none-eabi-gcc/12.3.1-1.2.1/.content/bin/../lib/gcc/arm-none-eabi/12.3.1/../../../../arm-none-eabi/lib/thumb/v7-m/nofp\libg_nano.a(libc_a-nano-svfprintf.o)
 .comment       0x00000039       0x3a c:/users/dmitriy/appdata/roaming/xpacks/@xpack-dev-tools/arm-none-eabi-gcc/12.3.1-1.2.1/.content/bin/../lib/gcc/arm-none-eabi/12.3.1/../../../../arm-none-eabi/lib/thumb/v7-m/nofp\libg_nano.a(libc_a-nano-vfprintf_i.o)
 .comment       0x00000039       0x3a c:/users/dmitriy/appdata/roaming/xpacks/@xpack-dev-tools/arm-none-eabi-gcc/12.3.1-1.2.1/.content/bin/../lib/gcc/arm-none-eabi/12.3.1/../../../../arm-none-eabi/lib/thumb/v7-m/nofp\libg_nano.a(libc_a-memmove.o)
 .comment       0x00000039       0x3a c:/users/dmitriy/appdata/roaming/xpacks/@xpack-dev-tools/arm-none-eabi-gcc/12.3.1-1.2.1/.content/bin/../lib/gcc/arm-none-eabi/12.3.1/../../../../arm-none-eabi/lib/thumb/v7-m/nofp\libg_nano.a(libc_a-memchr-stub.o)
 .comment       0x00000039       0x3a c:/users/dmitriy/appdata/roaming/xpacks/@xpack-dev-tools/arm-none-eabi-gcc/12.3.1-1.2.1/.content/bin/../lib/gcc/arm-none-eabi/12.3.1/../../../../arm-none-eabi/lib/thumb/v7-m/nofp\libg_nano.a(libc_a-freer.o)
 .comment       0x00000039       0x3a c:/users/dmitriy/appdata/roaming/xpacks/@xpack-dev-tools/arm-none-eabi-gcc/12.3.1-1.2.1/.content/bin/../lib/gcc/arm-none-eabi/12.3.1/../../../../arm-none-eabi/lib/thumb/v7-m/nofp\libg_nano.a(libc_a-mallocr.o)
 .comment       0x00000039       0x3a c:/users/dmitriy/appdata/roaming/xpacks/@xpack-dev-tools/arm-none-eabi-gcc/12.3.1-1.2.1/.content/bin/../lib/gcc/arm-none-eabi/12.3.1/../../../../arm-none-eabi/lib/thumb/v7-m/nofp\libg_nano.a(libc_a-mlock.o)
 .comment       0x00000039       0x3a c:/users/dmitriy/appdata/roaming/xpacks/@xpack-dev-tools/arm-none-eabi-gcc/12.3.1-1.2.1/.content/bin/../lib/gcc/arm-none-eabi/12.3.1/../../../../arm-none-eabi/lib/thumb/v7-m/nofp\libg_nano.a(libc_a-reallocr.o)
 .comment       0x00000039       0x3a c:/users/dmitriy/appdata/roaming/xpacks/@xpack-dev-tools/arm-none-eabi-gcc/12.3.1-1.2.1/.content/bin/../lib/gcc/arm-none-eabi/12.3.1/../../../../arm-none-eabi/lib/thumb/v7-m/nofp\libg_nano.a(libc_a-sbrkr.o)
 .comment       0x00000039       0x3a c:/users/dmitriy/appdata/roaming/xpacks/@xpack-dev-tools/arm-none-eabi-gcc/12.3.1-1.2.1/.content/bin/../lib/gcc/arm-none-eabi/12.3.1/../../../../arm-none-eabi/lib/thumb/v7-m/nofp\libg_nano.a(libc_a-lock.o)
 .comment       0x00000039       0x3a c:/users/dmitriy/appdata/roaming/xpacks/@xpack-dev-tools/arm-none-eabi-gcc/12.3.1-1.2.1/.content/bin/../lib/gcc/arm-none-eabi/12.3.1/../../../../arm-none-eabi/lib/thumb/v7-m/nofp\libg_nano.a(libc_a-msizer.o)

.ARM.attributes
                0x00000000       0x2b
 .ARM.attributes
                0x00000000       0x2d ./system/src/newlib/exit.o
 .ARM.attributes
                0x0000002d       0x2d ./system/src/newlib/sbrk.o
 .ARM.attributes
                0x0000005a       0x2d ./system/src/newlib/startup.o
 .ARM.attributes
                0x00000087       0x2d ./system/src/newlib/syscalls.o
 .ARM.attributes
                0x000000b4       0x2d ./system/src/gd32f10x/gd32f10x_gpio.o
 .ARM.attributes
                0x000000e1       0x2d ./system/src/gd32f10x/gd32f10x_it.o
 .ARM.attributes
                0x0000010e       0x2d ./system/src/gd32f10x/gd32f10x_rcu.o
 .ARM.attributes
                0x0000013b       0x2d ./system/src/diag/trace-impl.o
 .ARM.attributes
                0x00000168       0x2d ./system/src/diag/trace.o
 .ARM.attributes
                0x00000195       0x2d ./system/src/cortexm/exception-handlers.o
 .ARM.attributes
                0x000001c2       0x2d ./system/src/cortexm/initialize-hardware.o
 .ARM.attributes
                0x000001ef       0x2d ./system/src/cmsis/system_gd32f10x.o
 .ARM.attributes
                0x0000021c       0x2d ./system/src/cmsis/vectors_gd32f10x.o
 .ARM.attributes
                0x00000249       0x2d ./src/main.o
 .ARM.attributes
                0x00000276       0x2d ./src/smi_drv_gpio_sim.o
 .ARM.attributes
                0x000002a3       0x2d ./src/timer.o
 .ARM.attributes
                0x000002d0       0x2d c:/users/dmitriy/appdata/roaming/xpacks/@xpack-dev-tools/arm-none-eabi-gcc/12.3.1-1.2.1/.content/bin/../lib/gcc/arm-none-eabi/12.3.1/../../../../arm-none-eabi/lib/thumb/v7-m/nofp\libg_nano.a(libc_a-vsnprintf.o)
 .ARM.attributes
                0x000002fd       0x2d c:/users/dmitriy/appdata/roaming/xpacks/@xpack-dev-tools/arm-none-eabi-gcc/12.3.1-1.2.1/.content/bin/../lib/gcc/arm-none-eabi/12.3.1/../../../../arm-none-eabi/lib/thumb/v7-m/nofp\libg_nano.a(libc_a-impure.o)
 .ARM.attributes
                0x0000032a       0x2d c:/users/dmitriy/appdata/roaming/xpacks/@xpack-dev-tools/arm-none-eabi-gcc/12.3.1-1.2.1/.content/bin/../lib/gcc/arm-none-eabi/12.3.1/../../../../arm-none-eabi/lib/thumb/v7-m/nofp\libg_nano.a(libc_a-errno.o)
 .ARM.attributes
                0x00000357       0x2d c:/users/dmitriy/appdata/roaming/xpacks/@xpack-dev-tools/arm-none-eabi-gcc/12.3.1-1.2.1/.content/bin/../lib/gcc/arm-none-eabi/12.3.1/../../../../arm-none-eabi/lib/thumb/v7-m/nofp\libg_nano.a(libc_a-memcpy-stub.o)
 .ARM.attributes
                0x00000384       0x17 c:/users/dmitriy/appdata/roaming/xpacks/@xpack-dev-tools/arm-none-eabi-gcc/12.3.1-1.2.1/.content/bin/../lib/gcc/arm-none-eabi/12.3.1/../../../../arm-none-eabi/lib/thumb/v7-m/nofp\libg_nano.a(libc_a-strlen.o)
 .ARM.attributes
                0x0000039b       0x2d c:/users/dmitriy/appdata/roaming/xpacks/@xpack-dev-tools/arm-none-eabi-gcc/12.3.1-1.2.1/.content/bin/../lib/gcc/arm-none-eabi/12.3.1/../../../../arm-none-eabi/lib/thumb/v7-m/nofp\libg_nano.a(libc_a-nano-svfprintf.o)
 .ARM.attributes
                0x000003c8       0x2d c:/users/dmitriy/appdata/roaming/xpacks/@xpack-dev-tools/arm-none-eabi-gcc/12.3.1-1.2.1/.content/bin/../lib/gcc/arm-none-eabi/12.3.1/../../../../arm-none-eabi/lib/thumb/v7-m/nofp\libg_nano.a(libc_a-nano-vfprintf_i.o)
 .ARM.attributes
                0x000003f5       0x2d c:/users/dmitriy/appdata/roaming/xpacks/@xpack-dev-tools/arm-none-eabi-gcc/12.3.1-1.2.1/.content/bin/../lib/gcc/arm-none-eabi/12.3.1/../../../../arm-none-eabi/lib/thumb/v7-m/nofp\libg_nano.a(libc_a-memmove.o)
 .ARM.attributes
                0x00000422       0x2d c:/users/dmitriy/appdata/roaming/xpacks/@xpack-dev-tools/arm-none-eabi-gcc/12.3.1-1.2.1/.content/bin/../lib/gcc/arm-none-eabi/12.3.1/../../../../arm-none-eabi/lib/thumb/v7-m/nofp\libg_nano.a(libc_a-memchr-stub.o)
 .ARM.attributes
                0x0000044f       0x2d c:/users/dmitriy/appdata/roaming/xpacks/@xpack-dev-tools/arm-none-eabi-gcc/12.3.1-1.2.1/.content/bin/../lib/gcc/arm-none-eabi/12.3.1/../../../../arm-none-eabi/lib/thumb/v7-m/nofp\libg_nano.a(libc_a-freer.o)
 .ARM.attributes
                0x0000047c       0x2d c:/users/dmitriy/appdata/roaming/xpacks/@xpack-dev-tools/arm-none-eabi-gcc/12.3.1-1.2.1/.content/bin/../lib/gcc/arm-none-eabi/12.3.1/../../../../arm-none-eabi/lib/thumb/v7-m/nofp\libg_nano.a(libc_a-mallocr.o)
 .ARM.attributes
                0x000004a9       0x2d c:/users/dmitriy/appdata/roaming/xpacks/@xpack-dev-tools/arm-none-eabi-gcc/12.3.1-1.2.1/.content/bin/../lib/gcc/arm-none-eabi/12.3.1/../../../../arm-none-eabi/lib/thumb/v7-m/nofp\libg_nano.a(libc_a-mlock.o)
 .ARM.attributes
                0x000004d6       0x2d c:/users/dmitriy/appdata/roaming/xpacks/@xpack-dev-tools/arm-none-eabi-gcc/12.3.1-1.2.1/.content/bin/../lib/gcc/arm-none-eabi/12.3.1/../../../../arm-none-eabi/lib/thumb/v7-m/nofp\libg_nano.a(libc_a-reallocr.o)
 .ARM.attributes
                0x00000503       0x2d c:/users/dmitriy/appdata/roaming/xpacks/@xpack-dev-tools/arm-none-eabi-gcc/12.3.1-1.2.1/.content/bin/../lib/gcc/arm-none-eabi/12.3.1/../../../../arm-none-eabi/lib/thumb/v7-m/nofp\libg_nano.a(libc_a-sbrkr.o)
 .ARM.attributes
                0x00000530       0x2d c:/users/dmitriy/appdata/roaming/xpacks/@xpack-dev-tools/arm-none-eabi-gcc/12.3.1-1.2.1/.content/bin/../lib/gcc/arm-none-eabi/12.3.1/../../../../arm-none-eabi/lib/thumb/v7-m/nofp\libg_nano.a(libc_a-lock.o)
 .ARM.attributes
                0x0000055d       0x2d c:/users/dmitriy/appdata/roaming/xpacks/@xpack-dev-tools/arm-none-eabi-gcc/12.3.1-1.2.1/.content/bin/../lib/gcc/arm-none-eabi/12.3.1/../../../../arm-none-eabi/lib/thumb/v7-m/nofp\libg_nano.a(libc_a-msizer.o)

.debug
 *(.debug)

.line
 *(.line)

.debug_srcinfo
 *(.debug_srcinfo)

.debug_sfnames
 *(.debug_sfnames)

.debug_aranges  0x00000000      0x530
 *(.debug_aranges)
 .debug_aranges
                0x00000000       0x28 ./system/src/newlib/exit.o
 .debug_aranges
                0x00000028       0x20 ./system/src/newlib/sbrk.o
 .debug_aranges
                0x00000048       0x40 ./system/src/newlib/startup.o
 .debug_aranges
                0x00000088       0x30 ./system/src/newlib/syscalls.o
 .debug_aranges
                0x000000b8       0xa0 ./system/src/gd32f10x/gd32f10x_gpio.o
 .debug_aranges
                0x00000158       0x60 ./system/src/gd32f10x/gd32f10x_it.o
 .debug_aranges
                0x000001b8      0x138 ./system/src/gd32f10x/gd32f10x_rcu.o
 .debug_aranges
                0x000002f0       0x30 ./system/src/diag/trace-impl.o
 .debug_aranges
                0x00000320       0x38 ./system/src/diag/trace.o
 .debug_aranges
                0x00000358       0x90 ./system/src/cortexm/exception-handlers.o
 .debug_aranges
                0x000003e8       0x28 ./system/src/cortexm/initialize-hardware.o
 .debug_aranges
                0x00000410       0x38 ./system/src/cmsis/system_gd32f10x.o
 .debug_aranges
                0x00000448       0x20 ./system/src/cmsis/vectors_gd32f10x.o
 .debug_aranges
                0x00000468       0x20 ./src/main.o
 .debug_aranges
                0x00000488       0x70 ./src/smi_drv_gpio_sim.o
 .debug_aranges
                0x000004f8       0x38 ./src/timer.o

.debug_pubnames
 *(.debug_pubnames)

.debug_info     0x00000000     0x4872
 *(.debug_info .gnu.linkonce.wi.*)
 .debug_info    0x00000000      0x104 ./system/src/newlib/exit.o
 .debug_info    0x00000104      0x10f ./system/src/newlib/sbrk.o
 .debug_info    0x00000213      0x48f ./system/src/newlib/startup.o
 .debug_info    0x000006a2      0x1c3 ./system/src/newlib/syscalls.o
 .debug_info    0x00000865      0x76b ./system/src/gd32f10x/gd32f10x_gpio.o
 .debug_info    0x00000fd0      0x10f ./system/src/gd32f10x/gd32f10x_it.o
 .debug_info    0x000010df      0xd6e ./system/src/gd32f10x/gd32f10x_rcu.o
 .debug_info    0x00001e4d      0x319 ./system/src/diag/trace-impl.o
 .debug_info    0x00002166      0x34b ./system/src/diag/trace.o
 .debug_info    0x000024b1      0x905 ./system/src/cortexm/exception-handlers.o
 .debug_info    0x00002db6      0x27f ./system/src/cortexm/initialize-hardware.o
 .debug_info    0x00003035      0x1b1 ./system/src/cmsis/system_gd32f10x.o
 .debug_info    0x000031e6      0x10e ./system/src/cmsis/vectors_gd32f10x.o
 .debug_info    0x000032f4      0x360 ./src/main.o
 .debug_info    0x00003654      0xbfa ./src/smi_drv_gpio_sim.o
 .debug_info    0x0000424e      0x624 ./src/timer.o

.debug_abbrev   0x00000000     0x16cf
 *(.debug_abbrev)
 .debug_abbrev  0x00000000       0xc5 ./system/src/newlib/exit.o
 .debug_abbrev  0x000000c5       0xcc ./system/src/newlib/sbrk.o
 .debug_abbrev  0x00000191      0x20e ./system/src/newlib/startup.o
 .debug_abbrev  0x0000039f      0x118 ./system/src/newlib/syscalls.o
 .debug_abbrev  0x000004b7      0x206 ./system/src/gd32f10x/gd32f10x_gpio.o
 .debug_abbrev  0x000006bd       0x47 ./system/src/gd32f10x/gd32f10x_it.o
 .debug_abbrev  0x00000704      0x1e2 ./system/src/gd32f10x/gd32f10x_rcu.o
 .debug_abbrev  0x000008e6      0x1e6 ./system/src/diag/trace-impl.o
 .debug_abbrev  0x00000acc      0x184 ./system/src/diag/trace.o
 .debug_abbrev  0x00000c50      0x28c ./system/src/cortexm/exception-handlers.o
 .debug_abbrev  0x00000edc      0x105 ./system/src/cortexm/initialize-hardware.o
 .debug_abbrev  0x00000fe1       0xdf ./system/src/cmsis/system_gd32f10x.o
 .debug_abbrev  0x000010c0       0xb8 ./system/src/cmsis/vectors_gd32f10x.o
 .debug_abbrev  0x00001178      0x12d ./src/main.o
 .debug_abbrev  0x000012a5      0x246 ./src/smi_drv_gpio_sim.o
 .debug_abbrev  0x000014eb      0x1e4 ./src/timer.o

.debug_line     0x00000000     0x6d28
 *(.debug_line)
 .debug_line    0x00000000      0x40a ./system/src/newlib/exit.o
 .debug_line    0x0000040a      0x3ff ./system/src/newlib/sbrk.o
 .debug_line    0x00000809      0x635 ./system/src/newlib/startup.o
 .debug_line    0x00000e3e      0x556 ./system/src/newlib/syscalls.o
 .debug_line    0x00001394      0xa3c ./system/src/gd32f10x/gd32f10x_gpio.o
 .debug_line    0x00001dd0      0x672 ./system/src/gd32f10x/gd32f10x_it.o
 .debug_line    0x00002442      0xda1 ./system/src/gd32f10x/gd32f10x_rcu.o
 .debug_line    0x000031e3      0x766 ./system/src/diag/trace-impl.o
 .debug_line    0x00003949      0x4e5 ./system/src/diag/trace.o
 .debug_line    0x00003e2e      0x99c ./system/src/cortexm/exception-handlers.o
 .debug_line    0x000047ca      0x5c7 ./system/src/cortexm/initialize-hardware.o
 .debug_line    0x00004d91      0x7be ./system/src/cmsis/system_gd32f10x.o
 .debug_line    0x0000554f      0x13e ./system/src/cmsis/vectors_gd32f10x.o
 .debug_line    0x0000568d      0x6b7 ./src/main.o
 .debug_line    0x00005d44      0x968 ./src/smi_drv_gpio_sim.o
 .debug_line    0x000066ac      0x67c ./src/timer.o

.debug_frame    0x00000000      0xa88
 *(.debug_frame)
 .debug_frame   0x00000000       0x38 ./system/src/newlib/exit.o
 .debug_frame   0x00000038       0x28 ./system/src/newlib/sbrk.o
 .debug_frame   0x00000060       0x7c ./system/src/newlib/startup.o
 .debug_frame   0x000000dc       0x50 ./system/src/newlib/syscalls.o
 .debug_frame   0x0000012c      0x158 ./system/src/gd32f10x/gd32f10x_gpio.o
 .debug_frame   0x00000284       0xa0 ./system/src/gd32f10x/gd32f10x_it.o
 .debug_frame   0x00000324      0x274 ./system/src/gd32f10x/gd32f10x_rcu.o
 .debug_frame   0x00000598       0x64 ./system/src/diag/trace-impl.o
 .debug_frame   0x000005fc       0x94 ./system/src/diag/trace.o
 .debug_frame   0x00000690      0x158 ./system/src/cortexm/exception-handlers.o
 .debug_frame   0x000007e8       0x40 ./system/src/cortexm/initialize-hardware.o
 .debug_frame   0x00000828       0x60 ./system/src/cmsis/system_gd32f10x.o
 .debug_frame   0x00000888       0x20 ./system/src/cmsis/vectors_gd32f10x.o
 .debug_frame   0x000008a8       0x28 ./src/main.o
 .debug_frame   0x000008d0      0x160 ./src/smi_drv_gpio_sim.o
 .debug_frame   0x00000a30       0x58 ./src/timer.o

.debug_str      0x00000000    0x2ec95
 *(.debug_str)
 .debug_str     0x00000000     0x7a87 ./system/src/newlib/exit.o
                               0x7bed (size before relaxing)
 .debug_str     0x00007a87      0x4df ./system/src/newlib/sbrk.o
                               0x6fd0 (size before relaxing)
 .debug_str     0x00007f66      0xbb3 ./system/src/newlib/startup.o
                               0x667c (size before relaxing)
 .debug_str     0x00008b19     0x1513 ./system/src/newlib/syscalls.o
                               0x8f5f (size before relaxing)
 .debug_str     0x0000a02c    0x22b6a ./system/src/gd32f10x/gd32f10x_gpio.o
                              0x296f8 (size before relaxing)
 .debug_str     0x0002cb96       0xb9 ./system/src/gd32f10x/gd32f10x_it.o
                              0x29208 (size before relaxing)
 .debug_str     0x0002cc4f      0x9be ./system/src/gd32f10x/gd32f10x_rcu.o
                              0x29d51 (size before relaxing)
 .debug_str     0x0002d60d      0x379 ./system/src/diag/trace-impl.o
                              0x2af70 (size before relaxing)
 .debug_str     0x0002d986      0x7f6 ./system/src/diag/trace.o
                               0x8361 (size before relaxing)
 .debug_str     0x0002e17c      0x17b ./system/src/cortexm/exception-handlers.o
                              0x2b107 (size before relaxing)
 .debug_str     0x0002e2f7       0x5d ./system/src/cortexm/initialize-hardware.o
                              0x29258 (size before relaxing)
 .debug_str     0x0002e354      0x11f ./system/src/cmsis/system_gd32f10x.o
                              0x292cf (size before relaxing)
 .debug_str     0x0002e473       0x56 ./system/src/cmsis/vectors_gd32f10x.o
                               0x39ef (size before relaxing)
 .debug_str     0x0002e4c9       0xf0 ./src/main.o
                              0x2b52d (size before relaxing)
 .debug_str     0x0002e5b9      0x319 ./src/smi_drv_gpio_sim.o
                              0x29506 (size before relaxing)
 .debug_str     0x0002e8d2      0x3c3 ./src/timer.o
                              0x2964a (size before relaxing)

.debug_loc
 *(.debug_loc)

.debug_macinfo
 *(.debug_macinfo)

.debug_weaknames
 *(.debug_weaknames)

.debug_funcnames
 *(.debug_funcnames)

.debug_typenames
 *(.debug_typenames)

.debug_varnames
 *(.debug_varnames)
OUTPUT(gd32f10x_template.elf elf32-littlearm)
LOAD linker stubs

.debug_loclists
                0x00000000     0x153b
 .debug_loclists
                0x00000000       0x17 ./system/src/newlib/exit.o
 .debug_loclists
                0x00000017       0x69 ./system/src/newlib/sbrk.o
 .debug_loclists
                0x00000080      0x1bc ./system/src/newlib/startup.o
 .debug_loclists
                0x0000023c       0x51 ./system/src/newlib/syscalls.o
 .debug_loclists
                0x0000028d      0x3b6 ./system/src/gd32f10x/gd32f10x_gpio.o
 .debug_loclists
                0x00000643      0x59a ./system/src/gd32f10x/gd32f10x_rcu.o
 .debug_loclists
                0x00000bdd       0xf5 ./system/src/diag/trace-impl.o
 .debug_loclists
                0x00000cd2       0xb2 ./system/src/diag/trace.o
 .debug_loclists
                0x00000d84      0x203 ./system/src/cortexm/exception-handlers.o
 .debug_loclists
                0x00000f87       0xde ./system/src/cmsis/system_gd32f10x.o
 .debug_loclists
                0x00001065      0x48f ./src/smi_drv_gpio_sim.o
 .debug_loclists
                0x000014f4       0x47 ./src/timer.o

.debug_rnglists
                0x00000000      0x3d1
 .debug_rnglists
                0x00000000       0x19 ./system/src/newlib/exit.o
 .debug_rnglists
                0x00000019       0x13 ./system/src/newlib/sbrk.o
 .debug_rnglists
                0x0000002c       0x2c ./system/src/newlib/startup.o
 .debug_rnglists
                0x00000058       0x1f ./system/src/newlib/syscalls.o
 .debug_rnglists
                0x00000077       0x75 ./system/src/gd32f10x/gd32f10x_gpio.o
 .debug_rnglists
                0x000000ec       0x43 ./system/src/gd32f10x/gd32f10x_it.o
 .debug_rnglists
                0x0000012f       0xe7 ./system/src/gd32f10x/gd32f10x_rcu.o
 .debug_rnglists
                0x00000216       0x2b ./system/src/diag/trace-impl.o
 .debug_rnglists
                0x00000241       0x25 ./system/src/diag/trace.o
 .debug_rnglists
                0x00000266       0x74 ./system/src/cortexm/exception-handlers.o
 .debug_rnglists
                0x000002da       0x19 ./system/src/cortexm/initialize-hardware.o
 .debug_rnglists
                0x000002f3       0x27 ./system/src/cmsis/system_gd32f10x.o
 .debug_rnglists
                0x0000031a       0x13 ./system/src/cmsis/vectors_gd32f10x.o
 .debug_rnglists
                0x0000032d       0x13 ./src/main.o
 .debug_rnglists
                0x00000340       0x6c ./src/smi_drv_gpio_sim.o
 .debug_rnglists
                0x000003ac       0x25 ./src/timer.o

.debug_macro    0x00000000     0x528a
 .debug_macro   0x00000000      0x1ae ./system/src/newlib/exit.o
 .debug_macro   0x000001ae      0x163 ./system/src/newlib/sbrk.o
 .debug_macro   0x00000311      0x189 ./system/src/newlib/sbrk.o
 .debug_macro   0x0000049a       0x10 ./system/src/newlib/sbrk.o
 .debug_macro   0x000004aa      0x23c ./system/src/newlib/sbrk.o
 .debug_macro   0x000006e6      0x15f ./system/src/newlib/startup.o
 .debug_macro   0x00000845      0x239 ./system/src/newlib/syscalls.o
 .debug_macro   0x00000a7e       0x1c ./system/src/newlib/syscalls.o
 .debug_macro   0x00000a9a       0x10 ./system/src/newlib/syscalls.o
 .debug_macro   0x00000aaa       0x10 ./system/src/newlib/syscalls.o
 .debug_macro   0x00000aba       0x10 ./system/src/newlib/syscalls.o
 .debug_macro   0x00000aca       0x35 ./system/src/newlib/syscalls.o
 .debug_macro   0x00000aff      0x12c ./system/src/newlib/syscalls.o
 .debug_macro   0x00000c2b       0xce ./system/src/newlib/syscalls.o
 .debug_macro   0x00000cf9       0x7c ./system/src/newlib/syscalls.o
 .debug_macro   0x00000d75       0x17 ./system/src/newlib/syscalls.o
 .debug_macro   0x00000d8c      0x118 ./system/src/newlib/syscalls.o
 .debug_macro   0x00000ea4      0x18a ./system/src/newlib/syscalls.o
 .debug_macro   0x0000102e       0x16 ./system/src/newlib/syscalls.o
 .debug_macro   0x00001044      0x279 ./system/src/gd32f10x/gd32f10x_gpio.o
 .debug_macro   0x000012bd      0x798 ./system/src/gd32f10x/gd32f10x_gpio.o
 .debug_macro   0x00001a55      0x23d ./system/src/gd32f10x/gd32f10x_it.o
 .debug_macro   0x00001c92      0x261 ./system/src/gd32f10x/gd32f10x_rcu.o
 .debug_macro   0x00001ef3      0x84d ./system/src/gd32f10x/gd32f10x_rcu.o
 .debug_macro   0x00002740      0x30e ./system/src/diag/trace-impl.o
 .debug_macro   0x00002a4e       0x22 ./system/src/diag/trace-impl.o
 .debug_macro   0x00002a70      0x1f4 ./system/src/diag/trace.o
 .debug_macro   0x00002c64       0x16 ./system/src/diag/trace.o
 .debug_macro   0x00002c7a       0x9e ./system/src/diag/trace.o
 .debug_macro   0x00002d18      0x10b ./system/src/diag/trace.o
 .debug_macro   0x00002e23       0x10 ./system/src/diag/trace.o
 .debug_macro   0x00002e33       0x16 ./system/src/diag/trace.o
 .debug_macro   0x00002e49       0x16 ./system/src/diag/trace.o
 .debug_macro   0x00002e5f      0x170 ./system/src/diag/trace.o
 .debug_macro   0x00002fcf       0x4c ./system/src/diag/trace.o
 .debug_macro   0x0000301b       0xc1 ./system/src/diag/trace.o
 .debug_macro   0x000030dc       0x16 ./system/src/diag/trace.o
 .debug_macro   0x000030f2      0x340 ./system/src/cortexm/exception-handlers.o
 .debug_macro   0x00003432      0x243 ./system/src/cortexm/initialize-hardware.o
 .debug_macro   0x00003675      0x263 ./system/src/cmsis/system_gd32f10x.o
 .debug_macro   0x000038d8       0x34 ./system/src/cmsis/vectors_gd32f10x.o
 .debug_macro   0x0000390c      0x353 ./src/main.o
 .debug_macro   0x00003c5f     0x110e ./src/main.o
 .debug_macro   0x00004d6d      0x2b1 ./src/smi_drv_gpio_sim.o
 .debug_macro   0x0000501e      0x25c ./src/timer.o
 .debug_macro   0x0000527a       0x10 ./src/timer.o
