   1              		.cpu cortex-m3
   2              		.arch armv7-m
   3              		.fpu softvfp
   4              		.eabi_attribute 20, 1
   5              		.eabi_attribute 21, 1
   6              		.eabi_attribute 23, 3
   7              		.eabi_attribute 24, 1
   8              		.eabi_attribute 25, 1
   9              		.eabi_attribute 26, 1
  10              		.eabi_attribute 30, 1
  11              		.eabi_attribute 34, 1
  12              		.eabi_attribute 18, 4
  13              		.file	"chipdef.c"
  14              		.text
  15              	.Ltext0:
  16              		.cfi_sections	.debug_frame
  17              		.file 1 "../Switch/core/fal/chipdef/chipdef.c"
  18              		.section	.text.chipdef_get_extif_by_macid,"ax",%progbits
  19              		.align	1
  20              		.global	chipdef_get_extif_by_macid
  21              		.syntax unified
  22              		.thumb
  23              		.thumb_func
  25              	chipdef_get_extif_by_macid:
  26              	.LVL0:
  27              	.LFB3:
   1:../Switch/core/fal/chipdef/chipdef.c **** /*******************************************************************************
   2:../Switch/core/fal/chipdef/chipdef.c **** *                                                                              *
   3:../Switch/core/fal/chipdef/chipdef.c **** *  Copyright (c), 2022, Motorcomm Electronic Technology Co.,Ltd.               *
   4:../Switch/core/fal/chipdef/chipdef.c **** *  Motorcomm Confidential and Proprietary.                                     *
   5:../Switch/core/fal/chipdef/chipdef.c **** *                                                                              *
   6:../Switch/core/fal/chipdef/chipdef.c **** ********************************************************************************
   7:../Switch/core/fal/chipdef/chipdef.c **** */
   8:../Switch/core/fal/chipdef/chipdef.c **** 
   9:../Switch/core/fal/chipdef/chipdef.c **** #include "chipdef.h"
  10:../Switch/core/fal/chipdef/chipdef.c **** 
  11:../Switch/core/fal/chipdef/chipdef.c **** 
  12:../Switch/core/fal/chipdef/chipdef.c **** /* data define */
  13:../Switch/core/fal/chipdef/chipdef.c **** const yt_swchip_cap_t *gpChipCapList[] =
  14:../Switch/core/fal/chipdef/chipdef.c **** {
  15:../Switch/core/fal/chipdef/chipdef.c **** 	[YT_SW_MODEL_9215] = &yt9215_capacity,
  16:../Switch/core/fal/chipdef/chipdef.c **** 	[YT_SW_MODEL_9218] = &yt9218_capacity,
  17:../Switch/core/fal/chipdef/chipdef.c **** 	[YT_SW_MODEL_9213] = &yt9215_capacity,
  18:../Switch/core/fal/chipdef/chipdef.c **** 	[YT_SW_MODEL_9214] = &yt9215_capacity,
  19:../Switch/core/fal/chipdef/chipdef.c **** };
  20:../Switch/core/fal/chipdef/chipdef.c **** 
  21:../Switch/core/fal/chipdef/chipdef.c **** const yt_swchip_if_info_t *gpChipIntfInfoList[] =
  22:../Switch/core/fal/chipdef/chipdef.c **** {
  23:../Switch/core/fal/chipdef/chipdef.c **** 	[YT_SW_MODEL_9215] = &yt9215_intf_info,
  24:../Switch/core/fal/chipdef/chipdef.c **** 	[YT_SW_MODEL_9218] = &yt9218_intf_info,
  25:../Switch/core/fal/chipdef/chipdef.c **** 	[YT_SW_MODEL_9213] = &yt9213_intf_info,
  26:../Switch/core/fal/chipdef/chipdef.c **** 	[YT_SW_MODEL_9214] = &yt9214_intf_info,
  27:../Switch/core/fal/chipdef/chipdef.c **** };
  28:../Switch/core/fal/chipdef/chipdef.c **** 
  29:../Switch/core/fal/chipdef/chipdef.c **** /* extif id = extif start id+extif_start_mac-mac */
  30:../Switch/core/fal/chipdef/chipdef.c **** uint8_t chipdef_get_extif_by_macid(yt_macid_t mac_id, const yt_swchip_if_info_t *pChipIfInfo)
  31:../Switch/core/fal/chipdef/chipdef.c **** {
  28              		.loc 1 31 1 view -0
  29              		.cfi_startproc
  30              		@ args = 0, pretend = 0, frame = 0
  31              		@ frame_needed = 0, uses_anonymous_args = 0
  32              		@ link register save eliminated.
  32:../Switch/core/fal/chipdef/chipdef.c **** 	uint8_t extif_id = INVALID_ID;
  33              		.loc 1 32 2 view .LVU1
  33:../Switch/core/fal/chipdef/chipdef.c **** 
  34:../Switch/core/fal/chipdef/chipdef.c **** 	if(mac_id < pChipIfInfo->extif_start_mac_id ||
  34              		.loc 1 34 2 view .LVU2
  35              		.loc 1 34 25 is_stmt 0 view .LVU3
  36 0000 0A79     		ldrb	r2, [r1, #4]	@ zero_extendqisi2
  37              		.loc 1 34 4 view .LVU4
  38 0002 8242     		cmp	r2, r0
  39 0004 09D8     		bhi	.L3
  35:../Switch/core/fal/chipdef/chipdef.c **** 		mac_id > pChipIfInfo->extif_start_mac_id + pChipIfInfo->extif_num)
  40              		.loc 1 35 57 discriminator 1 view .LVU5
  41 0006 CB78     		ldrb	r3, [r1, #3]	@ zero_extendqisi2
  42              		.loc 1 35 44 discriminator 1 view .LVU6
  43 0008 1344     		add	r3, r3, r2
  34:../Switch/core/fal/chipdef/chipdef.c **** 		mac_id > pChipIfInfo->extif_start_mac_id + pChipIfInfo->extif_num)
  44              		.loc 1 34 46 discriminator 1 view .LVU7
  45 000a 8342     		cmp	r3, r0
  46 000c 07D3     		bcc	.L4
  36:../Switch/core/fal/chipdef/chipdef.c **** 	{
  37:../Switch/core/fal/chipdef/chipdef.c **** 		return extif_id;
  38:../Switch/core/fal/chipdef/chipdef.c **** 	}
  39:../Switch/core/fal/chipdef/chipdef.c **** 
  40:../Switch/core/fal/chipdef/chipdef.c **** 	extif_id = pChipIfInfo->extif_start_id + mac_id - pChipIfInfo->extif_start_mac_id;
  47              		.loc 1 40 2 is_stmt 1 view .LVU8
  48              		.loc 1 40 24 is_stmt 0 view .LVU9
  49 000e 4B79     		ldrb	r3, [r1, #5]	@ zero_extendqisi2
  50              		.loc 1 40 41 view .LVU10
  51 0010 1844     		add	r0, r0, r3
  52              	.LVL1:
  53              		.loc 1 40 41 view .LVU11
  54 0012 C0B2     		uxtb	r0, r0
  55              		.loc 1 40 11 view .LVU12
  56 0014 801A     		subs	r0, r0, r2
  57 0016 C0B2     		uxtb	r0, r0
  58              	.LVL2:
  41:../Switch/core/fal/chipdef/chipdef.c **** 
  42:../Switch/core/fal/chipdef/chipdef.c **** 	return extif_id;
  59              		.loc 1 42 2 is_stmt 1 view .LVU13
  60              		.loc 1 42 9 is_stmt 0 view .LVU14
  61 0018 7047     		bx	lr
  62              	.LVL3:
  63              	.L3:
  37:../Switch/core/fal/chipdef/chipdef.c **** 	}
  64              		.loc 1 37 10 view .LVU15
  65 001a FF20     		movs	r0, #255
  66              	.LVL4:
  37:../Switch/core/fal/chipdef/chipdef.c **** 	}
  67              		.loc 1 37 10 view .LVU16
  68 001c 7047     		bx	lr
  69              	.LVL5:
  70              	.L4:
  37:../Switch/core/fal/chipdef/chipdef.c **** 	}
  71              		.loc 1 37 10 view .LVU17
  72 001e FF20     		movs	r0, #255
  73              	.LVL6:
  43:../Switch/core/fal/chipdef/chipdef.c **** }
  74              		.loc 1 43 1 view .LVU18
  75 0020 7047     		bx	lr
  76              		.cfi_endproc
  77              	.LFE3:
  79              		.global	gpChipIntfInfoList
  80              		.section	.data.gpChipIntfInfoList,"aw"
  81              		.align	2
  84              	gpChipIntfInfoList:
  85 0000 00000000 		.word	yt9215_intf_info
  86 0004 00000000 		.word	yt9218_intf_info
  87 0008 00000000 		.word	yt9213_intf_info
  88 000c 00000000 		.word	yt9214_intf_info
  89              		.global	gpChipCapList
  90              		.section	.data.gpChipCapList,"aw"
  91              		.align	2
  94              	gpChipCapList:
  95 0000 00000000 		.word	yt9215_capacity
  96 0004 00000000 		.word	yt9218_capacity
  97 0008 00000000 		.word	yt9215_capacity
  98 000c 00000000 		.word	yt9215_capacity
  99              		.text
 100              	.Letext0:
 101              		.file 2 "C:\\Users\\Dmitriy\\Desktop\\GD32F10x\\Switch\\common\\include/yt_types.h"
 102              		.file 3 "../Switch/core/fal/chipdef/chipdef.h"
DEFINED SYMBOLS
                            *ABS*:00000000 chipdef.c
C:\Users\Dmitriy\AppData\Local\Temp\ccFbataH.s:19     .text.chipdef_get_extif_by_macid:00000000 $t
C:\Users\Dmitriy\AppData\Local\Temp\ccFbataH.s:25     .text.chipdef_get_extif_by_macid:00000000 chipdef_get_extif_by_macid
C:\Users\Dmitriy\AppData\Local\Temp\ccFbataH.s:84     .data.gpChipIntfInfoList:00000000 gpChipIntfInfoList
C:\Users\Dmitriy\AppData\Local\Temp\ccFbataH.s:81     .data.gpChipIntfInfoList:00000000 $d
C:\Users\Dmitriy\AppData\Local\Temp\ccFbataH.s:94     .data.gpChipCapList:00000000 gpChipCapList
C:\Users\Dmitriy\AppData\Local\Temp\ccFbataH.s:91     .data.gpChipCapList:00000000 $d
                           .group:00000000 wm4.0.353617a96a8f588ad8d04dd11dfc8225
                           .group:00000000 wm4._newlib_version.h.4.6d111ab2e95434b664b53815e5c8ccba
                           .group:00000000 wm4.newlib.h.27.d4bf77c18f14f545101dac22f0b54118
                           .group:00000000 wm4.ieeefp.h.77.0ee3146e9d892bb10bc0066c30189af1
                           .group:00000000 wm4.features.h.22.7877b139107948f7dadcf3660cc79cfd
                           .group:00000000 wm4.config.h.224.10ee1ad185d877c6e334e6581faab44d
                           .group:00000000 wm4._ansi.h.31.de524f58584151836e90d8620a16f8e8
                           .group:00000000 wm4.stdio.h.31.7c0e28c411445f3f9c5b11accf882760
                           .group:00000000 wm4._default_types.h.6.959254cf5f09734ea7516c89e8bb21bd
                           .group:00000000 wm4.stddef.h.185.cbb642e1ccd385e8aa504b15cb7fb086
                           .group:00000000 wm4.cdefs.h.49.f93868eb904b9ca05b5c0257d31128ca
                           .group:00000000 wm4.stddef.h.39.0e5f0dabba1c666ccadf0408e0d47322
                           .group:00000000 wm4.stdarg.h.34.3a23a216c0c293b3d2ea2e89281481e6
                           .group:00000000 wm4._types.h.20.dd0d04dca3800a0d2a6129b87f3adbb2
                           .group:00000000 wm4.stddef.h.158.5f30652bb2ea05b142c1bbee9108c999
                           .group:00000000 wm4._types.h.127.3bdfe3ff8ea2d0985b03d9cbe93480e3
                           .group:00000000 wm4.reent.h.17.e292bf8b0bec6c96e131a54347145a30
                           .group:00000000 wm4.lock.h.2.1461d1fff82dffe8bfddc23307f6484f
                           .group:00000000 wm4.reent.h.77.89f7dde66c62b1f1dee32bdb6ab2d544
                           .group:00000000 wm4.stdio.h.67.0cf8a9c281ab0b348aef5c02e7e48825
                           .group:00000000 wm4.stdio.h.2.4aa87247282eca6c8f36f9de33d8df1a
                           .group:00000000 wm4.stdio.h.87.a1e20d2651f9bfb66e51bfbe849db00a
                           .group:00000000 wm4.string.h.8.c4b8571ce60dff2817f43fec8b86aecd
                           .group:00000000 wm4.stddef.h.158.bfed30416c9480cd13bc4a25427d538f
                           .group:00000000 wm4.stdbool.h.29.4a1c88fe569adb8d03217dd16982ca34
                           .group:00000000 wm4.malloc.h.4.62bd13b8107d5245f60bd92bb5994838
                           .group:00000000 wm4.malloc.h.152.f5d1d9a9aabeac59da0ef41ede16d2b0
                           .group:00000000 wm4.yt_types.h.31.64aa050cf4c68d28514ce99f5dc2ddb9
                           .group:00000000 wm4.chipdef_tiger.h.10.ae557adb3508daebcdc97f8fb0dc9e1a

UNDEFINED SYMBOLS
yt9215_intf_info
yt9218_intf_info
yt9213_intf_info
yt9214_intf_info
yt9215_capacity
yt9218_capacity
